Archive member included because of file (symbol)

/usr/local/arm7/bin/../lib/gcc/arm-elf/4.1.1/../../../../arm-elf/lib/thumb/interwork/libc.a(memcpy.o)
                              uart.o (memcpy)
/usr/local/arm7/bin/../lib/gcc/arm-elf/4.1.1/thumb/interwork/libgcc.a(_udivsi3.o)
                              uart.o (__udivsi3)
/usr/local/arm7/bin/../lib/gcc/arm-elf/4.1.1/thumb/interwork/libgcc.a(_umodsi3.o)
                              sdk.o (__umodsi3)
/usr/local/arm7/bin/../lib/gcc/arm-elf/4.1.1/thumb/interwork/libgcc.a(_dvmd_tls.o)
                              /usr/local/arm7/bin/../lib/gcc/arm-elf/4.1.1/thumb/interwork/libgcc.a(_udivsi3.o) (__div0)
/usr/local/arm7/bin/../lib/gcc/arm-elf/4.1.1/thumb/interwork/libgcc.a(_addsubdf3.o)
                              mymath.o (__subdf3)
/usr/local/arm7/bin/../lib/gcc/arm-elf/4.1.1/thumb/interwork/libgcc.a(_muldivdf3.o)
                              gpsmath.o (__muldf3)
/usr/local/arm7/bin/../lib/gcc/arm-elf/4.1.1/thumb/interwork/libgcc.a(_cmpdf2.o)
                              sdk.o (__gtdf2)
/usr/local/arm7/bin/../lib/gcc/arm-elf/4.1.1/thumb/interwork/libgcc.a(_fixdfsi.o)
                              mymath.o (__fixdfsi)
/usr/local/arm7/bin/../lib/gcc/arm-elf/4.1.1/thumb/interwork/libgcc.a(_fixunsdfsi.o)
                              sdk.o (__fixunsdfsi)
/usr/local/arm7/bin/../lib/gcc/arm-elf/4.1.1/thumb/interwork/libgcc.a(_truncdfsf2.o)
                              mymath.o (__truncdfsf2)
/usr/local/arm7/bin/../lib/gcc/arm-elf/4.1.1/thumb/interwork/libgcc.a(_addsubsf3.o)
                              mymath.o (__subsf3)
/usr/local/arm7/bin/../lib/gcc/arm-elf/4.1.1/thumb/interwork/libgcc.a(_muldivsf3.o)
                              mymath.o (__mulsf3)
/usr/local/arm7/bin/../lib/gcc/arm-elf/4.1.1/thumb/interwork/libgcc.a(_cmpsf2.o)
                              d_ekf/d_ekf_src/ekf/rt_pow32_snf.o (__gtsf2)
/usr/local/arm7/bin/../lib/gcc/arm-elf/4.1.1/thumb/interwork/libgcc.a(_fixsfsi.o)
                              sdk.o (__fixsfsi)
/usr/local/arm7/bin/../lib/gcc/arm-elf/4.1.1/thumb/interwork/libgcc.a(_divdi3.o)
                              sdk.o (__divdi3)
/usr/local/arm7/bin/../lib/gcc/arm-elf/4.1.1/thumb/interwork/libgcc.a(_clz.o)
                              /usr/local/arm7/bin/../lib/gcc/arm-elf/4.1.1/thumb/interwork/libgcc.a(_divdi3.o) (__clz_tab)
/usr/local/arm7/bin/../lib/gcc/arm-elf/4.1.1/../../../../arm-elf/lib/thumb/interwork/libm.a(s_cos.o)
                              gpsmath.o (cos)
/usr/local/arm7/bin/../lib/gcc/arm-elf/4.1.1/../../../../arm-elf/lib/thumb/interwork/libm.a(s_floor.o)
                              d_ekf/d_ekf_src/ekf/rt_pow32_snf.o (floor)
/usr/local/arm7/bin/../lib/gcc/arm-elf/4.1.1/../../../../arm-elf/lib/thumb/interwork/libm.a(w_fmod.o)
                              mymath.o (fmod)
/usr/local/arm7/bin/../lib/gcc/arm-elf/4.1.1/../../../../arm-elf/lib/thumb/interwork/libm.a(w_pow.o)
                              d_ekf/d_ekf_src/ekf/rt_pow32_snf.o (pow)
/usr/local/arm7/bin/../lib/gcc/arm-elf/4.1.1/../../../../arm-elf/lib/thumb/interwork/libm.a(w_sqrt.o)
                              d_ekf/d_ekf_src/ekf/rt_pow32_snf.o (sqrt)
/usr/local/arm7/bin/../lib/gcc/arm-elf/4.1.1/../../../../arm-elf/lib/thumb/interwork/libm.a(e_fmod.o)
                              /usr/local/arm7/bin/../lib/gcc/arm-elf/4.1.1/../../../../arm-elf/lib/thumb/interwork/libm.a(w_fmod.o) (__ieee754_fmod)
/usr/local/arm7/bin/../lib/gcc/arm-elf/4.1.1/../../../../arm-elf/lib/thumb/interwork/libm.a(e_pow.o)
                              /usr/local/arm7/bin/../lib/gcc/arm-elf/4.1.1/../../../../arm-elf/lib/thumb/interwork/libm.a(w_pow.o) (__ieee754_pow)
/usr/local/arm7/bin/../lib/gcc/arm-elf/4.1.1/../../../../arm-elf/lib/thumb/interwork/libm.a(e_rem_pio2.o)
                              /usr/local/arm7/bin/../lib/gcc/arm-elf/4.1.1/../../../../arm-elf/lib/thumb/interwork/libm.a(s_cos.o) (__ieee754_rem_pio2)
/usr/local/arm7/bin/../lib/gcc/arm-elf/4.1.1/../../../../arm-elf/lib/thumb/interwork/libm.a(e_sqrt.o)
                              /usr/local/arm7/bin/../lib/gcc/arm-elf/4.1.1/../../../../arm-elf/lib/thumb/interwork/libm.a(w_sqrt.o) (__ieee754_sqrt)
/usr/local/arm7/bin/../lib/gcc/arm-elf/4.1.1/../../../../arm-elf/lib/thumb/interwork/libm.a(k_cos.o)
                              /usr/local/arm7/bin/../lib/gcc/arm-elf/4.1.1/../../../../arm-elf/lib/thumb/interwork/libm.a(s_cos.o) (__kernel_cos)
/usr/local/arm7/bin/../lib/gcc/arm-elf/4.1.1/../../../../arm-elf/lib/thumb/interwork/libm.a(k_rem_pio2.o)
                              /usr/local/arm7/bin/../lib/gcc/arm-elf/4.1.1/../../../../arm-elf/lib/thumb/interwork/libm.a(e_rem_pio2.o) (__kernel_rem_pio2)
/usr/local/arm7/bin/../lib/gcc/arm-elf/4.1.1/../../../../arm-elf/lib/thumb/interwork/libm.a(k_sin.o)
                              /usr/local/arm7/bin/../lib/gcc/arm-elf/4.1.1/../../../../arm-elf/lib/thumb/interwork/libm.a(s_cos.o) (__kernel_sin)
[...]
Memory Configuration

Name             Origin             Length             Attributes
ROM              0x00000000         0x00080000         xr
RAM              0x40000000         0x00008000         rw
*default*        0x00000000         0xffffffff

Linker script and memory map

LOAD Common_WinARM/src/Startup.o
LOAD Common_WinARM/src/swi_handler.o
LOAD LL_HL_comm.o
LOAD mymath.o
LOAD gpsmath.o
LOAD sdk.o
LOAD dekf.o
LOAD uart.o
LOAD d_ekf/d_ekf_src/ekf/autogen_ekf_propagation_initialize.o
LOAD d_ekf/d_ekf_src/ekf/autogen_ekf_propagation_terminate.o
LOAD d_ekf/d_ekf_src/ekf/autogen_ekf_propagation.o
LOAD d_ekf/d_ekf_src/ekf/rt_nonfinite.o
LOAD d_ekf/d_ekf_src/ekf/rt_pow32_snf.o
LOAD d_ekf/d_ekf_src/ekf/rtGetInf.o
LOAD d_ekf/d_ekf_src/ekf/rtGetNaN.o
LOAD buzzer.o
LOAD main.o
LOAD hardware.o
LOAD LPC2k_ee.o
LOAD system.o
LOAD uart1.o
LOAD syscalls.o
LOAD i2c.o
LOAD Common_WinARM/src/irq.o
LOAD Common_WinARM/src/interrupt_utils.o
LOAD adc.o
LOAD ssp.o
LOAD pelican_ptu.o
LOAD /usr/local/arm7/bin/../lib/gcc/arm-elf/4.1.1/../../../../arm-elf/lib/thumb/interwork/libc.a
LOAD /usr/local/arm7/bin/../lib/gcc/arm-elf/4.1.1/../../../../arm-elf/lib/thumb/interwork/libc.a
LOAD /usr/local/arm7/bin/../lib/gcc/arm-elf/4.1.1/thumb/interwork/libgcc.a
LOAD /usr/local/arm7/bin/../lib/gcc/arm-elf/4.1.1/../../../../arm-elf/lib/thumb/interwork/libm.a
LOAD ssdk/lib/libssdk.a
LOAD .//libdeclination.a
LOAD .//libublox.a
LOAD /usr/local/arm7/bin/../lib/gcc/arm-elf/4.1.1/../../../../arm-elf/lib/thumb/interwork/libm.a
START GROUP
LOAD /usr/local/arm7/bin/../lib/gcc/arm-elf/4.1.1/thumb/interwork/libgcc.a
LOAD /usr/local/arm7/bin/../lib/gcc/arm-elf/4.1.1/../../../../arm-elf/lib/thumb/interwork/libg.a
LOAD /usr/local/arm7/bin/../lib/gcc/arm-elf/4.1.1/../../../../arm-elf/lib/thumb/interwork/libc.a
END GROUP

.text           0x00000000    0x24790
 *(.vectorg)
 .vectorg       0x00000000       0x98 Common_WinARM/src/Startup.o
                0x00000050                __IRQ_Wrapper
 .vectorg       0x00000098       0xd0 Common_WinARM/src/swi_handler.o
                0x00000098                SoftwareInterrupt
                0x00000168                . = ALIGN (0x4)
 *(.init)
 .init          0x00000168      0x168 Common_WinARM/src/Startup.o
                0x00000168                __startup
                0x00000290                __exit_ARM
                0x00000294                __exit_THUMB
 *(.text .text.*)
 .text          0x000002d0        0x0 Common_WinARM/src/Startup.o
 .text          0x000002d0       0x38 Common_WinARM/src/swi_handler.o
                0x000002d0                IntRestore
                0x000002d8                FiqRestore
                0x000002e0                IntGetCPSR
                0x000002e8                IntEnable
                0x000002f0                IntDisable
                0x000002f8                FiqEnable
                0x00000300                FiqDisable
 .text          0x00000308      0xea4 LL_HL_comm.o
                0x00000308                SSP_data_distribution_HL
                0x00000604                LL_write_ctrl_data
                0x00000720                HL2LL_write_cycle
                0x00000d04                SSP_rx_handler_HL
 .text          0x000011ac      0x1f0 mymath.o
                0x000011ac                cos_52s
                0x00001210                approxCos
 .text          0x0000139c      0x104 gpsmath.o
                0x0000139c                xy2latlon
 .text          0x000014a0     0x2f10 sdk.o
                0x000014a0                writeCommand
                0x000014dc                checkTxPeriod
                0x00001510                watchdog
                0x0000157c                sendMagData
                0x00001640                sendRcData
                0x00001780                sendStatus
                0x000019cc                sendGpsData
                0x00001c78                sendImuData
                0x00001eb8                synchronizeTime
                0x000022b4                sdkInit
                0x00002598                SDK_mainloop
 .text          0x000043b0     0x288c dekf.o
                0x000043b0                initState
                0x0000443c                DEKF_getInitializeEvent
                0x00004444                yawFromQuaternion
                0x00004668                quaternionMultiplication
                0x00004810                float2Int
                0x0000486c                float2Short
                0x000048d8                DEKF_sendState
                0x000049c4                DEKF_init
                0x00004a98                writeControllerOutput
                0x00005188                correctState
                0x000056c8                DEKF_step
 .text          0x00006c3c      0xed0 uart.o
                0x00006c3c                Fifo_initialize
                0x00006c64                Fifo_writeByte
                0x00006cb0                Fifo_writeBlock
                0x00006d28                Fifo_readByte
                0x00006d70                Fifo_availableMemory
                0x00006d98                Fifo_reset
                0x00006da8                registerPacket
                0x00006df8                UART0_writeFifo
                0x00006eac                startAutoBaud
                0x00006ed4                UART0_txFlush
                0x00006eec                UART0_txEmpty
                0x00006f0c                UARTWriteChar
                0x00006f2c                UARTReadChar
                0x00006f4c                UART_send
                0x00006fc8                crc_update
                0x00006ff4                crc16
                0x00007058                __putchar
                0x000070a4                UART_send_ringbuffer
                0x00007124                UARTInitialize
                0x00007250                UART0_rxFlush
                0x0000727c                uart0ISR
                0x000074b8                writePacket2Ringbuffer
                0x00007798                parseRxFifo
 .text          0x00007b0c       0x14 d_ekf/d_ekf_src/ekf/autogen_ekf_propagation_initialize.o
                0x00007b0c                autogen_ekf_propagation_initialize
 .text          0x00007b20        0x4 d_ekf/d_ekf_src/ekf/autogen_ekf_propagation_terminate.o
                0x00007b20                autogen_ekf_propagation_terminate
 .text          0x00007b24      0x5ec d_ekf/d_ekf_src/ekf/autogen_ekf_propagation.o
                0x00007b24                autogen_ekf_propagation
 .text          0x00008110      0x164 d_ekf/d_ekf_src/ekf/rt_nonfinite.o
                0x00008110                rtIsInf
                0x00008170                rtIsInfF
                0x000081c4                rtIsNaN
                0x000081e8                rtIsNaNF
                0x00008208                rt_InitInfAndNaN
 .text          0x00008274      0x1f0 d_ekf/d_ekf_src/ekf/rt_pow32_snf.o
                0x00008274                rt_pow32_snf
 .text          0x00008464       0xe8 d_ekf/d_ekf_src/ekf/rtGetInf.o
                0x00008464                rtGetInfF
                0x00008470                rtGetMinusInfF
                0x0000847c                rtGetMinusInf
                0x000084e4                rtGetInf
 .text          0x0000854c       0xa4 d_ekf/d_ekf_src/ekf/rtGetNaN.o
                0x0000854c                rtGetNaNF
                0x0000858c                rtGetNaN
 .text          0x000085f0      0x528 buzzer.o
                0x000085f0                buzzer
                0x00008618                buzzer_handler
 .text          0x00008b18      0x690 main.o
                0x00008b18                timer0ISR
                0x00008c24                timer1ISR
                0x00008c5c                main
                0x00008eb4                mainloop
 .text          0x000091a8       0x8c hardware.o
                0x000091a8                LED
 .text          0x00009234      0x614 LPC2k_ee.o
                0x00009234                ee_erase
                0x00009370                ee_write
                0x00009594                ee_read
                0x00009624                ee_readn
                0x0000968c                ee_count
                0x00009700                ee_locate
 .text          0x00009848      0x648 system.o
                0x00009848                init
                0x000098e4                init_interrupts
                0x000099a0                init_ports
                0x00009a48                init_timer0
                0x00009af0                init_timer1
                0x00009b88                PWM_Init
                0x00009c3c                init_spi
                0x00009c74                init_spi1
                0x00009d10                pll_init
                0x00009d50                pll_feed
                0x00009d90                processorClockFrequency
                0x00009db0                peripheralClockFrequency
                0x00009e48                delay
 .text          0x00009e90      0x4fc uart1.o
                0x00009e90                uart1ISR
                0x00009f60                UART1Initialize
                0x0000a00c                UART1WriteChar
                0x0000a05c                UART1ReadChar
                0x0000a0a4                UART1_send
                0x0000a138                UART1_send_ringbuffer
                0x0000a1a0                ringbuffer1
 .text          0x0000a38c      0x2b4 syscalls.o
                0x0000a38c                _read_r
                0x0000a46c                _write_r
                0x0000a508                _close_r
                0x0000a534                _lseek_r
                0x0000a568                _fstat_r
                0x0000a5a4                isatty
                0x0000a5cc                _sbrk_r
 .text          0x0000a640      0x750 i2c.o
                0x0000a640                I2C0MasterHandler
                0x0000aadc                I2C0_send_motordata
                0x0000ab88                I2CStart
                0x0000ac1c                I2CStop
                0x0000ac78                I2CInit
                0x0000ad00                I2CEngine
 .text          0x0000ad90      0x2d0 Common_WinARM/src/irq.o
                0x0000adb0                init_VIC
                0x0000ae74                install_irq
                0x0000af68                uninstall_irq
 .text          0x0000b060      0x1f4 Common_WinARM/src/interrupt_utils.o
                0x0000b060                disableIRQ
                0x0000b0f4                restoreIRQ
                0x0000b144                enableIRQ
                0x0000b184                disableFIQ
                0x0000b1c4                restoreFIQ
                0x0000b214                enableFIQ
 .text          0x0000b254      0x3ec adc.o
                0x0000b254                ADCInit
                0x0000b2dc                ADC0Read
                0x0000b418                ADC1Read
                0x0000b520                ADC0triggerSampling
                0x0000b564                ADC0getSamplingResults
 .text          0x0000b640      0x420 ssp.o
                0x0000b640                SSPHandler
                0x0000b818                LL_write_init
                0x0000b858                LL_write
 .text          0x0000ba60      0x48c pelican_ptu.o
                0x0000ba60                PTU_init
                0x0000bb2c                PTU_update
                0x0000bd24                SERVO_pitch_move
                0x0000be0c                SERVO_roll_move
 .text          0x0000beec       0x5c /usr/local/arm7/bin/../lib/gcc/arm-elf/4.1.1/../../../../arm-elf/lib/thumb/interwork/libc.a(memcpy.o)
                0x0000beec                memcpy
 .text          0x0000bf48       0x8c /usr/local/arm7/bin/../lib/gcc/arm-elf/4.1.1/thumb/interwork/libgcc.a(_udivsi3.o)
                0x0000bf48                __udivsi3
                0x0000bf48                __aeabi_uidiv
                0x0000bfc4                __aeabi_uidivmod
 .text          0x0000bfd4       0xc8 /usr/local/arm7/bin/../lib/gcc/arm-elf/4.1.1/thumb/interwork/libgcc.a(_umodsi3.o)
                0x0000bfd4                __umodsi3
 .text          0x0000c09c        0x4 /usr/local/arm7/bin/../lib/gcc/arm-elf/4.1.1/thumb/interwork/libgcc.a(_dvmd_tls.o)
                0x0000c09c                __aeabi_ldiv0
                0x0000c09c                __div0
                0x0000c09c                __aeabi_idiv0
 .text          0x0000c0a0      0x430 /usr/local/arm7/bin/../lib/gcc/arm-elf/4.1.1/thumb/interwork/libgcc.a(_addsubdf3.o)
                0x0000c0a0                __aeabi_drsub
                0x0000c0a8                __aeabi_dsub
                0x0000c0a8                __subdf3
                0x0000c0ac                __adddf3
                0x0000c0ac                __aeabi_dadd
                0x0000c3bc                __aeabi_ui2d
                0x0000c3bc                __floatunsidf
                0x0000c3e4                __floatsidf
                0x0000c3e4                __aeabi_i2d
                0x0000c410                __extendsfdf2
                0x0000c410                __aeabi_f2d
                0x0000c450                __aeabi_ul2d
                0x0000c450                __floatundidf
                0x0000c464                __floatdidf
                0x0000c464                __aeabi_l2d
 .text          0x0000c4d0      0x49c /usr/local/arm7/bin/../lib/gcc/arm-elf/4.1.1/thumb/interwork/libgcc.a(_muldivdf3.o)
                0x0000c4d0                __aeabi_dmul
                0x0000c4d0                __muldf3
                0x0000c760                __aeabi_ddiv
                0x0000c760                __divdf3
 .text          0x0000c96c      0x140 /usr/local/arm7/bin/../lib/gcc/arm-elf/4.1.1/thumb/interwork/libgcc.a(_cmpdf2.o)
                0x0000c96c                __gtdf2
                0x0000c96c                __gedf2
                0x0000c974                __ltdf2
                0x0000c974                __ledf2
                0x0000c97c                __cmpdf2
                0x0000c97c                __eqdf2
                0x0000c97c                __nedf2
                0x0000ca00                __aeabi_cdrcmple
                0x0000ca1c                __aeabi_cdcmple
                0x0000ca1c                __aeabi_cdcmpeq
                0x0000ca34                __aeabi_dcmpeq
                0x0000ca4c                __aeabi_dcmplt
                0x0000ca64                __aeabi_dcmple
                0x0000ca7c                __aeabi_dcmpge
                0x0000ca94                __aeabi_dcmpgt
 .text          0x0000caac       0x5c /usr/local/arm7/bin/../lib/gcc/arm-elf/4.1.1/thumb/interwork/libgcc.a(_fixdfsi.o)
                0x0000caac                __fixdfsi
                0x0000caac                __aeabi_d2iz
 .text          0x0000cb08       0x54 /usr/local/arm7/bin/../lib/gcc/arm-elf/4.1.1/thumb/interwork/libgcc.a(_fixunsdfsi.o)
                0x0000cb08                __fixunsdfsi
                0x0000cb08                __aeabi_d2uiz
 .text          0x0000cb5c       0xa0 /usr/local/arm7/bin/../lib/gcc/arm-elf/4.1.1/thumb/interwork/libgcc.a(_truncdfsf2.o)
                0x0000cb5c                __aeabi_d2f
                0x0000cb5c                __truncdfsf2
 .text          0x0000cbfc      0x2ac /usr/local/arm7/bin/../lib/gcc/arm-elf/4.1.1/thumb/interwork/libgcc.a(_addsubsf3.o)
                0x0000cbfc                __aeabi_frsub
                0x0000cc04                __subsf3
                0x0000cc04                __aeabi_fsub
                0x0000cc08                __aeabi_fadd
                0x0000cc08                __addsf3
                0x0000cdc4                __aeabi_ui2f
                0x0000cdc4                __floatunsisf
                0x0000cdcc                __aeabi_i2f
                0x0000cdcc                __floatsisf
                0x0000cdec                __floatundisf
                0x0000cdec                __aeabi_ul2f
                0x0000cdfc                __floatdisf
                0x0000cdfc                __aeabi_l2f
 .text          0x0000cea8      0x2f8 /usr/local/arm7/bin/../lib/gcc/arm-elf/4.1.1/thumb/interwork/libgcc.a(_muldivsf3.o)
                0x0000cea8                __mulsf3
                0x0000cea8                __aeabi_fmul
                0x0000d040                __divsf3
                0x0000d040                __aeabi_fdiv
 .text          0x0000d1a0      0x110 /usr/local/arm7/bin/../lib/gcc/arm-elf/4.1.1/thumb/interwork/libgcc.a(_cmpsf2.o)
                0x0000d1a0                __gtsf2
                0x0000d1a0                __gesf2
                0x0000d1a8                __lesf2
                0x0000d1a8                __ltsf2
                0x0000d1b0                __nesf2
                0x0000d1b0                __eqsf2
                0x0000d1b0                __cmpsf2
                0x0000d210                __aeabi_cfrcmple
                0x0000d220                __aeabi_cfcmple
                0x0000d220                __aeabi_cfcmpeq
                0x0000d238                __aeabi_fcmpeq
                0x0000d250                __aeabi_fcmplt
                0x0000d268                __aeabi_fcmple
                0x0000d280                __aeabi_fcmpge
                0x0000d298                __aeabi_fcmpgt
 .text          0x0000d2b0       0x5c /usr/local/arm7/bin/../lib/gcc/arm-elf/4.1.1/thumb/interwork/libgcc.a(_fixsfsi.o)
                0x0000d2b0                __fixsfsi
                0x0000d2b0                __aeabi_f2iz
 .text          0x0000d30c      0x464 /usr/local/arm7/bin/../lib/gcc/arm-elf/4.1.1/thumb/interwork/libgcc.a(_divdi3.o)
                0x0000d30c                __divdi3
 .text          0x0000d770        0x0 /usr/local/arm7/bin/../lib/gcc/arm-elf/4.1.1/thumb/interwork/libgcc.a(_clz.o)
 .text          0x0000d770       0xb8 /usr/local/arm7/bin/../lib/gcc/arm-elf/4.1.1/../../../../arm-elf/lib/thumb/interwork/libm.a(s_cos.o)
                0x0000d770                cos
 .text          0x0000d828      0x16c /usr/local/arm7/bin/../lib/gcc/arm-elf/4.1.1/../../../../arm-elf/lib/thumb/interwork/libm.a(s_floor.o)
                0x0000d828                floor
 .text          0x0000d994       0xd4 /usr/local/arm7/bin/../lib/gcc/arm-elf/4.1.1/../../../../arm-elf/lib/thumb/interwork/libm.a(w_fmod.o)
                0x0000d994                fmod
 .text          0x0000da68      0x388 /usr/local/arm7/bin/../lib/gcc/arm-elf/4.1.1/../../../../arm-elf/lib/thumb/interwork/libm.a(w_pow.o)
                0x0000da68                pow
 .text          0x0000ddf0       0xc4 /usr/local/arm7/bin/../lib/gcc/arm-elf/4.1.1/../../../../arm-elf/lib/thumb/interwork/libm.a(w_sqrt.o)
                0x0000ddf0                sqrt
 .text          0x0000deb4      0x2a4 /usr/local/arm7/bin/../lib/gcc/arm-elf/4.1.1/../../../../arm-elf/lib/thumb/interwork/libm.a(e_fmod.o)
                0x0000deb4                __ieee754_fmod
 .text          0x0000e158      0xbb4 /usr/local/arm7/bin/../lib/gcc/arm-elf/4.1.1/../../../../arm-elf/lib/thumb/interwork/libm.a(e_pow.o)
                0x0000e158                __ieee754_pow
 .text          0x0000ed0c      0x440 /usr/local/arm7/bin/../lib/gcc/arm-elf/4.1.1/../../../../arm-elf/lib/thumb/interwork/libm.a(e_rem_pio2.o)
                0x0000ed0c                __ieee754_rem_pio2
 .text          0x0000f14c      0x1d8 /usr/local/arm7/bin/../lib/gcc/arm-elf/4.1.1/../../../../arm-elf/lib/thumb/interwork/libm.a(e_sqrt.o)
                0x0000f14c                __ieee754_sqrt
 .text          0x0000f324      0x28c /usr/local/arm7/bin/../lib/gcc/arm-elf/4.1.1/../../../../arm-elf/lib/thumb/interwork/libm.a(k_cos.o)
                0x0000f324                __kernel_cos
 .text          0x0000f5b0      0x89c /usr/local/arm7/bin/../lib/gcc/arm-elf/4.1.1/../../../../arm-elf/lib/thumb/interwork/libm.a(k_rem_pio2.o)
                0x0000f5b0                __kernel_rem_pio2
 .text          0x0000fe4c      0x180 /usr/local/arm7/bin/../lib/gcc/arm-elf/4.1.1/../../../../arm-elf/lib/thumb/interwork/libm.a(k_sin.o)
                0x0000fe4c                __kernel_sin
 .text          0x0000ffcc       0x18 /usr/local/arm7/bin/../lib/gcc/arm-elf/4.1.1/../../../../arm-elf/lib/thumb/interwork/libm.a(s_fabs.o)
                0x0000ffcc                fabs
 .text          0x0000ffe4       0x1c /usr/local/arm7/bin/../lib/gcc/arm-elf/4.1.1/../../../../arm-elf/lib/thumb/interwork/libm.a(s_finite.o)
                0x0000ffe4                finite
 .text          0x00010000       0x1c /usr/local/arm7/bin/../lib/gcc/arm-elf/4.1.1/../../../../arm-elf/lib/thumb/interwork/libm.a(s_isnan.o)
                0x00010000                isnan
 .text          0x0001001c        0x0 /usr/local/arm7/bin/../lib/gcc/arm-elf/4.1.1/../../../../arm-elf/lib/thumb/interwork/libm.a(s_lib_ver.o)
 .text          0x0001001c        0x4 /usr/local/arm7/bin/../lib/gcc/arm-elf/4.1.1/../../../../arm-elf/lib/thumb/interwork/libm.a(s_matherr.o)
                0x0001001c                matherr
 .text          0x00010020      0x16c /usr/local/arm7/bin/../lib/gcc/arm-elf/4.1.1/../../../../arm-elf/lib/thumb/interwork/libm.a(s_rint.o)
                0x00010020                rint
 .text          0x0001018c      0x130 /usr/local/arm7/bin/../lib/gcc/arm-elf/4.1.1/../../../../arm-elf/lib/thumb/interwork/libm.a(s_scalbn.o)
                0x0001018c                scalbn
 .text          0x000102bc       0x24 /usr/local/arm7/bin/../lib/gcc/arm-elf/4.1.1/../../../../arm-elf/lib/thumb/interwork/libm.a(s_copysign.o)
                0x000102bc                copysign
 .text          0x000102e0     0x1dac ssdk/lib/libssdk.a(ert_main.o)
                0x000102e0                rt_OneStep
 .text          0x0001208c     0xc038 ssdk/lib/libssdk.a(onboard_matlab.o)
                0x0001208c                div_nzp_repeat_u32_ceiling
                0x000120fc                div_nzp_repeat_u32
                0x00012164                div_nzp_s32_floor
                0x000121ac                mul_wide_s32
                0x00012268                mul_wide_su32
                0x00012304                mul_wide_u32
                0x0001236c                onboard_matlab_step1
                0x00012370                onboard_matlab_initialize
                0x000123a8                mul_u32_u32_u32_sr31
                0x0001240c                mul_s32_s32_u32_sr31_zero
                0x000124cc                look1_is32lu32n31Du32_binlcaos
                0x000126b4                div_nzp_repeat_s32
                0x00012740                div_nzp_repeat_s32_floor
                0x00012828                look1_is16lu32n31Ds32_binlc
                0x00012bfc                mul_s32_s32_s32_sr26_zero
                0x00012cd8                mul_s32_s32_s32_sr28_sat_zero
                0x00012e08                mul_s32_s32_s32_sr22_zero
                0x00012ee4                mul_s32_s32_s32_sr15_zero
                0x00012fc0                mul_s32_s32_s32_sr25
                0x00013080                mul_s32_s32_s32_sr16
                0x00013140                mul_s32_s32_s32_sr49
                0x000131f0                mul_s32_s32_s32_sr44
                0x000132a0                mul_s32_s32_s32_sr14_zero
                0x0001337c                mul_s32_s32_s32_sr4_zero
                0x00013458                mul_s32_s32_s32_sr32_near
                0x00013518                mul_s32_s32_s32_sr32_zero
                0x000135e4                mul_s32_s32_s32_sr38_near
                0x0001369c                mul_s32_s32_s32_sr15
                0x0001375c                mul_s32_s32_s32_sr23_zero
                0x00013838                mul_s32_s32_s32_sr38
                0x000138e8                mul_s32_s32_s32_sr35_sat_zero
                0x000139e4                mul_s32_s32_s32_sr22_sat_near
                0x00013b18                mul_s32_s32_s32_sr30_sat_zero
                0x00013c48                mul_s32_s32_s32_sr30_sat_near
                0x00013d7c                mul_s32_s32_s32_sat
                0x00013e70                mul_s32_s32_s32_sr26_sat_near
                0x00013fa4                mul_s32_s32_s32_sr41
                0x00014054                mul_s32_s32_s32_sr6
                0x00014114                onboard_matlab_step0
 .text          0x0001e0c4        0x0 ssdk/lib/libssdk.a(onboard_matlab_data.o)
 .text          0x0001e0c4     0x3250 .//libdeclination.a(declination.o)
                0x00020b08                geomag
                0x00020b70                geomg1
                0x00020be0                getDeclination
 .text          0x00021314     0x1e88 .//libublox.a(ublox.o)
                0x00021314                uBloxSendMessage
                0x0002152c                pollMessageRate
                0x00021584                setMessageRate
                0x000215e8                uBloxResetConfiguration
                0x00021684                uBloxHandleMessage
                0x00021e3c                uBloxReceiveHandler
                0x00022500                uBloxReceiveEngine
 .text          0x0002319c       0xbc /usr/local/arm7/bin/../lib/gcc/arm-elf/4.1.1/../../../../arm-elf/lib/thumb/interwork/libm.a(s_sin.o)
                0x0002319c                sin
 .text          0x00023258       0xd0 /usr/local/arm7/bin/../lib/gcc/arm-elf/4.1.1/../../../../arm-elf/lib/thumb/interwork/libm.a(w_atan2.o)
                0x00023258                atan2
 .text          0x00023328      0x220 /usr/local/arm7/bin/../lib/gcc/arm-elf/4.1.1/../../../../arm-elf/lib/thumb/interwork/libm.a(e_atan2.o)
                0x00023328                __ieee754_atan2
 .text          0x00023548      0x380 /usr/local/arm7/bin/../lib/gcc/arm-elf/4.1.1/../../../../arm-elf/lib/thumb/interwork/libm.a(s_atan.o)
                0x00023548                atan
 .text          0x000238c8       0xa4 /usr/local/arm7/bin/../lib/gcc/arm-elf/4.1.1/thumb/interwork/libgcc.a(_divsi3.o)
                0x000238c8                __aeabi_idiv
                0x000238c8                __divsi3
                0x0002395c                __aeabi_idivmod
 .text          0x0002396c       0xd8 /usr/local/arm7/bin/../lib/gcc/arm-elf/4.1.1/thumb/interwork/libgcc.a(_modsi3.o)
                0x0002396c                __modsi3
 .text          0x00023a44        0xc /usr/local/arm7/bin/../lib/gcc/arm-elf/4.1.1/../../../../arm-elf/lib/thumb/interwork/libg.a(errno.o)
                0x00023a44                __errno
 .text          0x00023a50        0x0 /usr/local/arm7/bin/../lib/gcc/arm-elf/4.1.1/../../../../arm-elf/lib/thumb/interwork/libg.a(impure.o)
 *(.gnu.linkonce.t.*)
 *(.glue_7)
 .glue_7        0x00023a50       0x9c linker stubs
                0x00023a50                __fmod_from_arm
                0x00023a5c                __cos_from_arm
                0x00023a68                ____umodsi3_from_arm
                0x00023a74                ____divdi3_from_arm
                0x00023a80                ____udivsi3_from_arm
                0x00023a8c                __memcpy_from_arm
                0x00023a98                __pow_from_arm
                0x00023aa4                __floor_from_arm
                0x00023ab0                __sqrt_from_arm
                0x00023abc                ____modsi3_from_arm
                0x00023ac8                ____divsi3_from_arm
                0x00023ad4                __sin_from_arm
                0x00023ae0                __atan2_from_arm
 *fill*         0x00023aec        0x4 00
 .glue_7.stub   0x00023af0       0x60 linker stubs
 *(.glue_7t)
 .glue_7t       0x00000000        0x0 linker stubs
 *(.gcc_except_table)
 *(.rodata)
 .rodata        0x00023b50        0x8 dekf.o
                0x00023b50                DEKF_ASCTEC_ACC_TO_SI
                0x00023b54                DEKF_ASCTEC_OMEGA_TO_SI
 .rodata        0x00023b58      0x100 /usr/local/arm7/bin/../lib/gcc/arm-elf/4.1.1/thumb/interwork/libgcc.a(_clz.o)
                0x00023b58                __clz_tab
 .rodata        0x00023c58        0x8 /usr/local/arm7/bin/../lib/gcc/arm-elf/4.1.1/../../../../arm-elf/lib/thumb/interwork/libm.a(w_fmod.o)
 .rodata        0x00023c60        0x4 /usr/local/arm7/bin/../lib/gcc/arm-elf/4.1.1/../../../../arm-elf/lib/thumb/interwork/libm.a(w_pow.o)
 .rodata        0x00023c64        0x8 /usr/local/arm7/bin/../lib/gcc/arm-elf/4.1.1/../../../../arm-elf/lib/thumb/interwork/libm.a(w_sqrt.o)
 .rodata        0x00023c6c       0x10 /usr/local/arm7/bin/../lib/gcc/arm-elf/4.1.1/../../../../arm-elf/lib/thumb/interwork/libm.a(e_fmod.o)
 .rodata        0x00023c7c       0x30 /usr/local/arm7/bin/../lib/gcc/arm-elf/4.1.1/../../../../arm-elf/lib/thumb/interwork/libm.a(e_pow.o)
 .rodata        0x00023cac      0x188 /usr/local/arm7/bin/../lib/gcc/arm-elf/4.1.1/../../../../arm-elf/lib/thumb/interwork/libm.a(e_rem_pio2.o)
 .rodata        0x00023e34       0x50 /usr/local/arm7/bin/../lib/gcc/arm-elf/4.1.1/../../../../arm-elf/lib/thumb/interwork/libm.a(k_rem_pio2.o)
 .rodata        0x00023e84        0x4 /usr/local/arm7/bin/../lib/gcc/arm-elf/4.1.1/../../../../arm-elf/lib/thumb/interwork/libm.a(s_lib_ver.o)
                0x00023e84                __fdlib_version
 .rodata        0x00023e88       0x10 /usr/local/arm7/bin/../lib/gcc/arm-elf/4.1.1/../../../../arm-elf/lib/thumb/interwork/libm.a(s_rint.o)
 .rodata        0x00023e98        0x4 ssdk/lib/libssdk.a(onboard_matlab.o)
                0x00023e98                onboard_matlab_M
 .rodata        0x00023e9c      0x7c0 ssdk/lib/libssdk.a(onboard_matlab_data.o)
                0x00023e9c                onboard_matlab_ConstP
 .rodata        0x0002465c       0xe2 .//libublox.a(ublox.o)
 *fill*         0x0002473e        0x2 00
 .rodata        0x00024740        0x8 /usr/local/arm7/bin/../lib/gcc/arm-elf/4.1.1/../../../../arm-elf/lib/thumb/interwork/libm.a(w_atan2.o)
 .rodata        0x00024748       0x40 /usr/local/arm7/bin/../lib/gcc/arm-elf/4.1.1/../../../../arm-elf/lib/thumb/interwork/libm.a(s_atan.o)
 .rodata        0x00024788        0x8 /usr/local/arm7/bin/../lib/gcc/arm-elf/4.1.1/../../../../arm-elf/lib/thumb/interwork/libg.a(impure.o)
                0x00024788                _global_impure_ptr
 *(.rodata*)
 *(.gnu.linkonce.r.*)
                0x00024790                . = ALIGN (0x4)

.vfp11_veneer   0x00024790        0x0
 .vfp11_veneer  0x00000000        0x0 linker stubs

.v4_bx          0x00024790        0x0
 .v4_bx         0x00000000        0x0 linker stubs

.iplt           0x00024790        0x0
 .iplt          0x00000000        0x0 Common_WinARM/src/Startup.o

.rel.dyn        0x00024790        0x0
 .rel.iplt      0x00000000        0x0 Common_WinARM/src/Startup.o
                0x00024790                . = ALIGN (0x4)

.ctors          0x00024790        0x0
                0x00024790                PROVIDE (__ctors_start__, .)
 *(SORT(.ctors.*))
 *(.ctors)
                0x00024790                . = ALIGN (0x4)
                0x00024790                PROVIDE (__ctors_end__, .)
                0x00024790                . = ALIGN (0x4)

.dtors          0x00024790        0x0
                0x00024790                PROVIDE (__dtors_start__, .)
 *(SORT(.dtors.*))
 *(.dtors)
                0x00024790                . = ALIGN (0x4)
                0x00024790                PROVIDE (__dtors_end__, .)
                0x00024790                . = ALIGN (0x4)
                0x00024790                . = ALIGN (0x4)
                0x00024790                _etext = .
                0x00024790                PROVIDE (etext, .)

.data           0x40000000      0x970 load address 0x00024790
                0x40000000                _data = .
 *(.vectmapped)
                0x40000000                . = ALIGN (0x4)
 *(.fastrun)
                0x40000000                . = ALIGN (0x4)
                0x40000000                . = ALIGN (0x4)
 *(.data)
 .data          0x40000000        0x0 Common_WinARM/src/Startup.o
 .data          0x40000000        0x0 Common_WinARM/src/swi_handler.o
 .data          0x40000000        0x0 LL_HL_comm.o
 .data          0x40000000        0x0 mymath.o
 .data          0x40000000        0x0 gpsmath.o
 .data          0x40000000        0x4 sdk.o
                0x40000000                time_step
                0x40000002                motor_state
 .data          0x40000004        0x0 dekf.o
 .data          0x40000004        0x8 uart.o
                0x40000004                uart0_min_tx_buffer
                0x40000006                uart0_min_rx_buffer
 .data          0x4000000c        0x0 d_ekf/d_ekf_src/ekf/autogen_ekf_propagation_initialize.o
 .data          0x4000000c        0x0 d_ekf/d_ekf_src/ekf/autogen_ekf_propagation_terminate.o
 .data          0x4000000c        0x0 d_ekf/d_ekf_src/ekf/autogen_ekf_propagation.o
 .data          0x4000000c        0x0 d_ekf/d_ekf_src/ekf/rt_nonfinite.o
 .data          0x4000000c        0x0 d_ekf/d_ekf_src/ekf/rt_pow32_snf.o
 .data          0x4000000c        0x0 d_ekf/d_ekf_src/ekf/rtGetInf.o
 .data          0x4000000c        0x0 d_ekf/d_ekf_src/ekf/rtGetNaN.o
 .data          0x4000000c        0x0 buzzer.o
 .data          0x4000000c        0x2 main.o
                0x4000000c                DataOutputsPerSecond
 .data          0x4000000e        0x0 hardware.o
 .data          0x4000000e        0x0 LPC2k_ee.o
 .data          0x4000000e        0x0 system.o
 .data          0x4000000e        0x7 uart1.o
                0x4000000e                chksum_trigger
                0x4000000f                startstring
                0x40000012                stopstring
 .data          0x40000015        0x0 syscalls.o
 .data          0x40000015        0x0 i2c.o
 .data          0x40000015        0x0 Common_WinARM/src/irq.o
 .data          0x40000015        0x0 Common_WinARM/src/interrupt_utils.o
 .data          0x40000015        0x0 adc.o
 .data          0x40000015        0x3 ssp.o
                0x40000015                data_sent_to_LL
                0x40000016                SSP_receiption_complete
                0x40000017                data_sent_to_HL
 .data          0x40000018        0x0 pelican_ptu.o
 .data          0x40000018        0x0 /usr/local/arm7/bin/../lib/gcc/arm-elf/4.1.1/../../../../arm-elf/lib/thumb/interwork/libc.a(memcpy.o)
 .data          0x40000018        0x0 /usr/local/arm7/bin/../lib/gcc/arm-elf/4.1.1/thumb/interwork/libgcc.a(_udivsi3.o)
 .data          0x40000018        0x0 /usr/local/arm7/bin/../lib/gcc/arm-elf/4.1.1/thumb/interwork/libgcc.a(_umodsi3.o)
 .data          0x40000018        0x0 /usr/local/arm7/bin/../lib/gcc/arm-elf/4.1.1/thumb/interwork/libgcc.a(_dvmd_tls.o)
 .data          0x40000018        0x0 /usr/local/arm7/bin/../lib/gcc/arm-elf/4.1.1/thumb/interwork/libgcc.a(_addsubdf3.o)
 .data          0x40000018        0x0 /usr/local/arm7/bin/../lib/gcc/arm-elf/4.1.1/thumb/interwork/libgcc.a(_muldivdf3.o)
 .data          0x40000018        0x0 /usr/local/arm7/bin/../lib/gcc/arm-elf/4.1.1/thumb/interwork/libgcc.a(_cmpdf2.o)
 .data          0x40000018        0x0 /usr/local/arm7/bin/../lib/gcc/arm-elf/4.1.1/thumb/interwork/libgcc.a(_fixdfsi.o)
 .data          0x40000018        0x0 /usr/local/arm7/bin/../lib/gcc/arm-elf/4.1.1/thumb/interwork/libgcc.a(_fixunsdfsi.o)
 .data          0x40000018        0x0 /usr/local/arm7/bin/../lib/gcc/arm-elf/4.1.1/thumb/interwork/libgcc.a(_truncdfsf2.o)
 .data          0x40000018        0x0 /usr/local/arm7/bin/../lib/gcc/arm-elf/4.1.1/thumb/interwork/libgcc.a(_addsubsf3.o)
 .data          0x40000018        0x0 /usr/local/arm7/bin/../lib/gcc/arm-elf/4.1.1/thumb/interwork/libgcc.a(_muldivsf3.o)
 .data          0x40000018        0x0 /usr/local/arm7/bin/../lib/gcc/arm-elf/4.1.1/thumb/interwork/libgcc.a(_cmpsf2.o)
 .data          0x40000018        0x0 /usr/local/arm7/bin/../lib/gcc/arm-elf/4.1.1/thumb/interwork/libgcc.a(_fixsfsi.o)
 .data          0x40000018        0x0 /usr/local/arm7/bin/../lib/gcc/arm-elf/4.1.1/thumb/interwork/libgcc.a(_divdi3.o)
 .data          0x40000018        0x0 /usr/local/arm7/bin/../lib/gcc/arm-elf/4.1.1/thumb/interwork/libgcc.a(_clz.o)
 .data          0x40000018        0x0 /usr/local/arm7/bin/../lib/gcc/arm-elf/4.1.1/../../../../arm-elf/lib/thumb/interwork/libm.a(s_cos.o)
 .data          0x40000018        0x0 /usr/local/arm7/bin/../lib/gcc/arm-elf/4.1.1/../../../../arm-elf/lib/thumb/interwork/libm.a(s_floor.o)
 .data          0x40000018        0x0 /usr/local/arm7/bin/../lib/gcc/arm-elf/4.1.1/../../../../arm-elf/lib/thumb/interwork/libm.a(w_fmod.o)
 .data          0x40000018        0x0 /usr/local/arm7/bin/../lib/gcc/arm-elf/4.1.1/../../../../arm-elf/lib/thumb/interwork/libm.a(w_pow.o)
 .data          0x40000018        0x0 /usr/local/arm7/bin/../lib/gcc/arm-elf/4.1.1/../../../../arm-elf/lib/thumb/interwork/libm.a(w_sqrt.o)
 .data          0x40000018        0x0 /usr/local/arm7/bin/../lib/gcc/arm-elf/4.1.1/../../../../arm-elf/lib/thumb/interwork/libm.a(e_fmod.o)
 .data          0x40000018        0x0 /usr/local/arm7/bin/../lib/gcc/arm-elf/4.1.1/../../../../arm-elf/lib/thumb/interwork/libm.a(e_pow.o)
 .data          0x40000018        0x0 /usr/local/arm7/bin/../lib/gcc/arm-elf/4.1.1/../../../../arm-elf/lib/thumb/interwork/libm.a(e_rem_pio2.o)
 .data          0x40000018        0x0 /usr/local/arm7/bin/../lib/gcc/arm-elf/4.1.1/../../../../arm-elf/lib/thumb/interwork/libm.a(e_sqrt.o)
 .data          0x40000018        0x0 /usr/local/arm7/bin/../lib/gcc/arm-elf/4.1.1/../../../../arm-elf/lib/thumb/interwork/libm.a(k_cos.o)
 .data          0x40000018        0x0 /usr/local/arm7/bin/../lib/gcc/arm-elf/4.1.1/../../../../arm-elf/lib/thumb/interwork/libm.a(k_rem_pio2.o)
 .data          0x40000018        0x0 /usr/local/arm7/bin/../lib/gcc/arm-elf/4.1.1/../../../../arm-elf/lib/thumb/interwork/libm.a(k_sin.o)
 .data          0x40000018        0x0 /usr/local/arm7/bin/../lib/gcc/arm-elf/4.1.1/../../../../arm-elf/lib/thumb/interwork/libm.a(s_fabs.o)
 .data          0x40000018        0x0 /usr/local/arm7/bin/../lib/gcc/arm-elf/4.1.1/../../../../arm-elf/lib/thumb/interwork/libm.a(s_finite.o)
 .data          0x40000018        0x0 /usr/local/arm7/bin/../lib/gcc/arm-elf/4.1.1/../../../../arm-elf/lib/thumb/interwork/libm.a(s_isnan.o)
 .data          0x40000018        0x0 /usr/local/arm7/bin/../lib/gcc/arm-elf/4.1.1/../../../../arm-elf/lib/thumb/interwork/libm.a(s_lib_ver.o)
 .data          0x40000018        0x0 /usr/local/arm7/bin/../lib/gcc/arm-elf/4.1.1/../../../../arm-elf/lib/thumb/interwork/libm.a(s_matherr.o)
 .data          0x40000018        0x0 /usr/local/arm7/bin/../lib/gcc/arm-elf/4.1.1/../../../../arm-elf/lib/thumb/interwork/libm.a(s_rint.o)
 .data          0x40000018        0x0 /usr/local/arm7/bin/../lib/gcc/arm-elf/4.1.1/../../../../arm-elf/lib/thumb/interwork/libm.a(s_scalbn.o)
 .data          0x40000018        0x0 /usr/local/arm7/bin/../lib/gcc/arm-elf/4.1.1/../../../../arm-elf/lib/thumb/interwork/libm.a(s_copysign.o)
 .data          0x40000018        0x0 ssdk/lib/libssdk.a(ert_main.o)
 .data          0x40000018        0x0 ssdk/lib/libssdk.a(onboard_matlab.o)
 .data          0x40000018        0x0 ssdk/lib/libssdk.a(onboard_matlab_data.o)
 .data          0x40000018      0x54c .//libdeclination.a(declination.o)
 .data          0x40000564        0x8 .//libublox.a(ublox.o)
                0x40000564                gpsLEDTrigger
 .data          0x4000056c        0x0 /usr/local/arm7/bin/../lib/gcc/arm-elf/4.1.1/../../../../arm-elf/lib/thumb/interwork/libm.a(s_sin.o)
 .data          0x4000056c        0x0 /usr/local/arm7/bin/../lib/gcc/arm-elf/4.1.1/../../../../arm-elf/lib/thumb/interwork/libm.a(w_atan2.o)
 .data          0x4000056c        0x0 /usr/local/arm7/bin/../lib/gcc/arm-elf/4.1.1/../../../../arm-elf/lib/thumb/interwork/libm.a(e_atan2.o)
 .data          0x4000056c        0x0 /usr/local/arm7/bin/../lib/gcc/arm-elf/4.1.1/../../../../arm-elf/lib/thumb/interwork/libm.a(s_atan.o)
 .data          0x4000056c        0x0 /usr/local/arm7/bin/../lib/gcc/arm-elf/4.1.1/thumb/interwork/libgcc.a(_divsi3.o)
 .data          0x4000056c        0x0 /usr/local/arm7/bin/../lib/gcc/arm-elf/4.1.1/thumb/interwork/libgcc.a(_modsi3.o)
 .data          0x4000056c        0x0 /usr/local/arm7/bin/../lib/gcc/arm-elf/4.1.1/../../../../arm-elf/lib/thumb/interwork/libg.a(errno.o)
 .data          0x4000056c      0x404 /usr/local/arm7/bin/../lib/gcc/arm-elf/4.1.1/../../../../arm-elf/lib/thumb/interwork/libg.a(impure.o)
                0x4000056c                _impure_ptr
 *(.data.*)
 *(.gnu.linkonce.d*)
                0x40000970                . = ALIGN (0x4)

.igot.plt       0x40000970        0x0 load address 0x00025100
 .igot.plt      0x00000000        0x0 Common_WinARM/src/Startup.o
                0x40000970                . = ALIGN (0x4)
                0x40000970                _edata = .
                0x40000970                PROVIDE (edata, .)

.bss            0x40000970     0x2934 load address 0x00025100
                0x40000970                __bss_start = .
                0x40000970                __bss_start__ = .
 *(.bss)
 .bss           0x40000970        0x0 Common_WinARM/src/Startup.o
 .bss           0x40000970        0x0 Common_WinARM/src/swi_handler.o
 .bss           0x40000970       0x18 LL_HL_comm.o
                0x40000970                SSP_ack
                0x40000972                wpCtrlWpCmd
                0x40000973                wpCtrlWpCmdUpdated
                0x40000974                wpCtrlAckTrigger
                0x40000976                wpCtrlNavStatus
                0x40000978                wpCtrlDistToWp
 .bss           0x40000988        0x0 mymath.o
 .bss           0x40000988        0x4 gpsmath.o
                0x40000988                gpsDataOkTrigger
 .bss           0x4000098c       0x38 sdk.o
                0x4000098c                timestamp
                0x40000994                timeOffset
                0x4000099c                time_correction
                0x400009a4                cmdLLValid
                0x400009a6                cmdLLNew
                0x400009a8                extPositionValid
                0x400009ac                cpuLoad
                0x400009b0                sdkCycleStartTime
                0x400009b4                motor_state_count
                0x400009b8                sdkLoops
                0x400009bc                ssdk_reset_state
 .bss           0x400009c4        0x0 dekf.o
 .bss           0x400009c4       0x28 uart.o
                0x400009c4                transmission_running
                0x400009c8                UART_rxPacketCount
                0x400009cc                UART_rxGoodPacketCount
                0x400009d0                registeredPacketCnt
                0x400009d4                autobaud_in_progress
 .bss           0x400009ec        0x0 d_ekf/d_ekf_src/ekf/autogen_ekf_propagation_initialize.o
 .bss           0x400009ec        0x0 d_ekf/d_ekf_src/ekf/autogen_ekf_propagation_terminate.o
 .bss           0x400009ec        0x0 d_ekf/d_ekf_src/ekf/autogen_ekf_propagation.o
 .bss           0x400009ec        0x0 d_ekf/d_ekf_src/ekf/rt_nonfinite.o
 .bss           0x400009ec        0x0 d_ekf/d_ekf_src/ekf/rt_pow32_snf.o
 .bss           0x400009ec        0x0 d_ekf/d_ekf_src/ekf/rtGetInf.o
 .bss           0x400009ec        0x0 d_ekf/d_ekf_src/ekf/rtGetNaN.o
 .bss           0x400009ec       0x14 buzzer.o
 .bss           0x40000a00       0x24 main.o
                0x40000a00                int_cnt
                0x40000a04                cnt
                0x40000a08                mainloop_cnt
                0x40000a0c                mainloop_trigger
                0x40000a10                GPS_timeout
                0x40000a14                trigger_cnt
                0x40000a18                SYSTEM_initialized
 .bss           0x40000a24        0x0 hardware.o
 .bss           0x40000a24        0x0 LPC2k_ee.o
 .bss           0x40000a24        0x0 system.o
 .bss           0x40000a24      0x19c uart1.o
                0x40000a24                data_requested
                0x40000a25                chksum_to_check
                0x40000a26                transmission1_running
                0x40000a27                trigger_transmission
                0x40000a28                baudrate1_change
                0x40000a29                UART1_syncstate
                0x40000a2c                UART1_rxcount
                0x40000a30                UART_CalibDoneFlag
 .bss           0x40000bc0        0x4 syscalls.o
 .bss           0x40000bc4       0x14 i2c.o
                0x40000bc4                I2CMasterState
                0x40000bc8                I2CSlaveState
                0x40000bcc                I2CCount
                0x40000bd0                RdIndex
                0x40000bd4                WrIndex
 .bss           0x40000bd8        0x0 Common_WinARM/src/irq.o
 .bss           0x40000bd8        0x0 Common_WinARM/src/interrupt_utils.o
 .bss           0x40000bd8        0x8 adc.o
                0x40000bd8                ADC0IntDone
                0x40000bdc                ADC1IntDone
 .bss           0x40000be0        0x4 ssp.o
                0x40000be0                SSP_trans_cnt
 .bss           0x40000be4        0x8 pelican_ptu.o
 .bss           0x40000bec        0x0 /usr/local/arm7/bin/../lib/gcc/arm-elf/4.1.1/../../../../arm-elf/lib/thumb/interwork/libc.a(memcpy.o)
 .bss           0x40000bec        0x0 /usr/local/arm7/bin/../lib/gcc/arm-elf/4.1.1/thumb/interwork/libgcc.a(_udivsi3.o)
 .bss           0x40000bec        0x0 /usr/local/arm7/bin/../lib/gcc/arm-elf/4.1.1/thumb/interwork/libgcc.a(_umodsi3.o)
 .bss           0x40000bec        0x0 /usr/local/arm7/bin/../lib/gcc/arm-elf/4.1.1/thumb/interwork/libgcc.a(_dvmd_tls.o)
 .bss           0x40000bec        0x0 /usr/local/arm7/bin/../lib/gcc/arm-elf/4.1.1/thumb/interwork/libgcc.a(_addsubdf3.o)
 .bss           0x40000bec        0x0 /usr/local/arm7/bin/../lib/gcc/arm-elf/4.1.1/thumb/interwork/libgcc.a(_muldivdf3.o)
 .bss           0x40000bec        0x0 /usr/local/arm7/bin/../lib/gcc/arm-elf/4.1.1/thumb/interwork/libgcc.a(_cmpdf2.o)
 .bss           0x40000bec        0x0 /usr/local/arm7/bin/../lib/gcc/arm-elf/4.1.1/thumb/interwork/libgcc.a(_fixdfsi.o)
 .bss           0x40000bec        0x0 /usr/local/arm7/bin/../lib/gcc/arm-elf/4.1.1/thumb/interwork/libgcc.a(_fixunsdfsi.o)
 .bss           0x40000bec        0x0 /usr/local/arm7/bin/../lib/gcc/arm-elf/4.1.1/thumb/interwork/libgcc.a(_truncdfsf2.o)
 .bss           0x40000bec        0x0 /usr/local/arm7/bin/../lib/gcc/arm-elf/4.1.1/thumb/interwork/libgcc.a(_addsubsf3.o)
 .bss           0x40000bec        0x0 /usr/local/arm7/bin/../lib/gcc/arm-elf/4.1.1/thumb/interwork/libgcc.a(_muldivsf3.o)
 .bss           0x40000bec        0x0 /usr/local/arm7/bin/../lib/gcc/arm-elf/4.1.1/thumb/interwork/libgcc.a(_cmpsf2.o)
 .bss           0x40000bec        0x0 /usr/local/arm7/bin/../lib/gcc/arm-elf/4.1.1/thumb/interwork/libgcc.a(_fixsfsi.o)
 .bss           0x40000bec        0x0 /usr/local/arm7/bin/../lib/gcc/arm-elf/4.1.1/thumb/interwork/libgcc.a(_divdi3.o)
 .bss           0x40000bec        0x0 /usr/local/arm7/bin/../lib/gcc/arm-elf/4.1.1/thumb/interwork/libgcc.a(_clz.o)
 .bss           0x40000bec        0x0 /usr/local/arm7/bin/../lib/gcc/arm-elf/4.1.1/../../../../arm-elf/lib/thumb/interwork/libm.a(s_cos.o)
 .bss           0x40000bec        0x0 /usr/local/arm7/bin/../lib/gcc/arm-elf/4.1.1/../../../../arm-elf/lib/thumb/interwork/libm.a(s_floor.o)
 .bss           0x40000bec        0x0 /usr/local/arm7/bin/../lib/gcc/arm-elf/4.1.1/../../../../arm-elf/lib/thumb/interwork/libm.a(w_fmod.o)
 .bss           0x40000bec        0x0 /usr/local/arm7/bin/../lib/gcc/arm-elf/4.1.1/../../../../arm-elf/lib/thumb/interwork/libm.a(w_pow.o)
 .bss           0x40000bec        0x0 /usr/local/arm7/bin/../lib/gcc/arm-elf/4.1.1/../../../../arm-elf/lib/thumb/interwork/libm.a(w_sqrt.o)
 .bss           0x40000bec        0x0 /usr/local/arm7/bin/../lib/gcc/arm-elf/4.1.1/../../../../arm-elf/lib/thumb/interwork/libm.a(e_fmod.o)
 .bss           0x40000bec        0x0 /usr/local/arm7/bin/../lib/gcc/arm-elf/4.1.1/../../../../arm-elf/lib/thumb/interwork/libm.a(e_pow.o)
 .bss           0x40000bec        0x0 /usr/local/arm7/bin/../lib/gcc/arm-elf/4.1.1/../../../../arm-elf/lib/thumb/interwork/libm.a(e_rem_pio2.o)
 .bss           0x40000bec        0x0 /usr/local/arm7/bin/../lib/gcc/arm-elf/4.1.1/../../../../arm-elf/lib/thumb/interwork/libm.a(e_sqrt.o)
 .bss           0x40000bec        0x0 /usr/local/arm7/bin/../lib/gcc/arm-elf/4.1.1/../../../../arm-elf/lib/thumb/interwork/libm.a(k_cos.o)
 .bss           0x40000bec        0x0 /usr/local/arm7/bin/../lib/gcc/arm-elf/4.1.1/../../../../arm-elf/lib/thumb/interwork/libm.a(k_rem_pio2.o)
 .bss           0x40000bec        0x0 /usr/local/arm7/bin/../lib/gcc/arm-elf/4.1.1/../../../../arm-elf/lib/thumb/interwork/libm.a(k_sin.o)
 .bss           0x40000bec        0x0 /usr/local/arm7/bin/../lib/gcc/arm-elf/4.1.1/../../../../arm-elf/lib/thumb/interwork/libm.a(s_fabs.o)
 .bss           0x40000bec        0x0 /usr/local/arm7/bin/../lib/gcc/arm-elf/4.1.1/../../../../arm-elf/lib/thumb/interwork/libm.a(s_finite.o)
 .bss           0x40000bec        0x0 /usr/local/arm7/bin/../lib/gcc/arm-elf/4.1.1/../../../../arm-elf/lib/thumb/interwork/libm.a(s_isnan.o)
 .bss           0x40000bec        0x0 /usr/local/arm7/bin/../lib/gcc/arm-elf/4.1.1/../../../../arm-elf/lib/thumb/interwork/libm.a(s_lib_ver.o)
 .bss           0x40000bec        0x0 /usr/local/arm7/bin/../lib/gcc/arm-elf/4.1.1/../../../../arm-elf/lib/thumb/interwork/libm.a(s_matherr.o)
 .bss           0x40000bec        0x0 /usr/local/arm7/bin/../lib/gcc/arm-elf/4.1.1/../../../../arm-elf/lib/thumb/interwork/libm.a(s_rint.o)
 .bss           0x40000bec        0x0 /usr/local/arm7/bin/../lib/gcc/arm-elf/4.1.1/../../../../arm-elf/lib/thumb/interwork/libm.a(s_scalbn.o)
 .bss           0x40000bec        0x0 /usr/local/arm7/bin/../lib/gcc/arm-elf/4.1.1/../../../../arm-elf/lib/thumb/interwork/libm.a(s_copysign.o)
 .bss           0x40000bec       0xf8 ssdk/lib/libssdk.a(ert_main.o)
                0x40000bec                uart_up_p_01
                0x40000bf0                uart_up_p_02
                0x40000bf4                uart_up_p_03
                0x40000bf8                uart_up_p_04
                0x40000bfc                uart_up_p_05
                0x40000c00                uart_up_p_06
                0x40000c04                uart_up_p_07
                0x40000c08                uart_up_p_08
                0x40000c0c                uart_up_p_09
                0x40000c10                uart_up_p_10
                0x40000c14                uart_up_p_11
                0x40000c18                uart_up_p_12
                0x40000c1c                uart_up_p_13
                0x40000c20                uart_up_p_14
                0x40000c24                uart_up_p_15
                0x40000c28                uart_up_p_16
                0x40000c2c                uart_up_p_17
                0x40000c30                uart_up_p_18
                0x40000c34                uart_up_p_19
                0x40000c38                uart_up_p_20
                0x40000c3c                uart_up_p_21
                0x40000c40                uart_up_p_22
                0x40000c44                uart_up_p_23
                0x40000c48                uart_up_p_24
                0x40000c4c                uart_up_p_25
                0x40000c50                uart_up_p_26
                0x40000c54                uart_up_p_27
                0x40000c58                uart_up_p_28
                0x40000c5c                uart_up_p_29
                0x40000c60                uart_up_p_30
                0x40000c64                uart_up_p_31
                0x40000c68                uart_up_p_32
                0x40000c6c                uart_up_p_33
                0x40000c70                uart_up_p_34
                0x40000c74                uart_up_p_35
                0x40000c78                uart_up_p_36
                0x40000c7c                uart_up_p_37
                0x40000c80                uart_up_p_38
                0x40000c84                uart_up_p_39
                0x40000c88                uart_up_p_40
                0x40000c8c                uart_up_p_41
                0x40000c90                uart_up_p_42
                0x40000c94                uart_up_p_43
                0x40000c98                uart_up_p_44
                0x40000c9c                uart_up_p_45
                0x40000ca0                uart_up_p_46
                0x40000ca4                uart_up_p_47
                0x40000ca8                uart_up_p_48
                0x40000cac                uart_up_p_49
                0x40000cb0                uart_up_p_50
                0x40000cb4                uart_up_ctrl_01
                0x40000cb6                uart_up_ctrl_02
                0x40000cb8                uart_up_ctrl_03
                0x40000cba                uart_up_ctrl_04
                0x40000cbc                uart_up_ctrl_05
                0x40000cbe                uart_up_ctrl_06
                0x40000cc0                uart_up_ctrl_07
                0x40000cc2                uart_up_ctrl_08
                0x40000cc4                uart_up_ctrl_09
                0x40000cc6                uart_up_ctrl_10
                0x40000cc8                switch_debug_packet
 .bss           0x40000ce4        0x0 ssdk/lib/libssdk.a(onboard_matlab.o)
 .bss           0x40000ce4        0x0 ssdk/lib/libssdk.a(onboard_matlab_data.o)
 .bss           0x40000ce4      0xcc4 .//libdeclination.a(declination.o)
                0x40000ce4                estimatedDeclination
                0x40000ce8                estimatedInclination
                0x40000cec                declinationAvailable
 .bss           0x400019a8       0x28 .//libublox.a(ublox.o)
                0x400019a8                urTimeCnt
                0x400019ac                GPS_raw_data_size
                0x400019b0                urAckReceived
                0x400019b1                urAckClass
                0x400019b2                urAckId
                0x400019b3                urConfigMessageReceived
                0x400019b4                urVersionCheck
                0x400019b6                urMsgCnt
                0x400019b8                ubloxVersion
 .bss           0x400019d0        0x0 /usr/local/arm7/bin/../lib/gcc/arm-elf/4.1.1/../../../../arm-elf/lib/thumb/interwork/libm.a(s_sin.o)
 .bss           0x400019d0        0x0 /usr/local/arm7/bin/../lib/gcc/arm-elf/4.1.1/../../../../arm-elf/lib/thumb/interwork/libm.a(w_atan2.o)
 .bss           0x400019d0        0x0 /usr/local/arm7/bin/../lib/gcc/arm-elf/4.1.1/../../../../arm-elf/lib/thumb/interwork/libm.a(e_atan2.o)
 .bss           0x400019d0        0x0 /usr/local/arm7/bin/../lib/gcc/arm-elf/4.1.1/../../../../arm-elf/lib/thumb/interwork/libm.a(s_atan.o)
 .bss           0x400019d0        0x0 /usr/local/arm7/bin/../lib/gcc/arm-elf/4.1.1/thumb/interwork/libgcc.a(_divsi3.o)
 .bss           0x400019d0        0x0 /usr/local/arm7/bin/../lib/gcc/arm-elf/4.1.1/thumb/interwork/libgcc.a(_modsi3.o)
 .bss           0x400019d0        0x0 /usr/local/arm7/bin/../lib/gcc/arm-elf/4.1.1/../../../../arm-elf/lib/thumb/interwork/libg.a(errno.o)
 .bss           0x400019d0        0x0 /usr/local/arm7/bin/../lib/gcc/arm-elf/4.1.1/../../../../arm-elf/lib/thumb/interwork/libg.a(impure.o)
 *(.gnu.linkonce.b*)
 *(COMMON)
 COMMON         0x400019d0       0xb0 LL_HL_comm.o
                0x400019d0                LL_1khz_attitude_data
                0x40001a2c                LL_1khz_control_input
                0x40001a64                wpToLL
 COMMON         0x40001a80       0x58 gpsmath.o
                0x40001a80                GPS_Data
                0x40001aac                gps_data_temp
 COMMON         0x40001ad8      0x3e4 sdk.o
                0x40001ad8                packetCmdHL
                0x40001adc                cmdLL
                0x40001ae4                WO_CTRL_Input
                0x40001af0                packetSSDKParams
                0x40001af4                subscription
                0x40001b00                extPositionCmd
                0x40001b24                WO_Direct_Motor_Control
                0x40001b28                packetMotors
                0x40001b2c                ext_position_update
                0x40001b4c                WO_Direct_Individual_Motor_Control
                0x40001b54                WO_SDK
                0x40001b58                packetConfig
                0x40001b5c                packetControlEnable
                0x40001b60                ssdk_status
                0x40001b61                imuData
                0x40001b87                timeSync
                0x40001b98                packetExtPosition
                0x40001b9c                hli_config
                0x40001ba4                motors
                0x40001ba5                gpsData
                0x40001bdc                RO_RC_Data
                0x40001bec                packetTimeSync
                0x40001bf0                packetCmdLL
                0x40001bf4                RO_ALL_Data
                0x40001c80                statusData
                0x40001cb0                packetBaudrate
                0x40001cb4                dekf
                0x40001e60                controlEnable
                0x40001e68                rcData
                0x40001e80                baudrate
                0x40001e88                extPosition
                0x40001ea7                mag_data
                0x40001eb8                packetSubscription
 COMMON         0x40001ebc      0x940 uart.o
                0x40001ebc                uart0_tx_cpsr
                0x40001ec0                packetInfo
                0x400021c0                rxParseBuffer
                0x400023c0                uart0_rx_cpsr
                0x400023c4                txFifo
                0x400023e0                rxBuffer
                0x400025e0                rxFifo
                0x400025fc                txBuffer
 COMMON         0x400027fc       0x24 d_ekf/d_ekf_src/ekf/rt_nonfinite.o
                0x400027fc                rtNaNF
                0x40002800                rtInfF
                0x40002804                rtInf
                0x4000280c                rtNaN
                0x40002814                rtMinusInf
                0x4000281c                rtMinusInfF
 COMMON         0x40002820       0xdc main.o
                0x40002820                GPS_Time
                0x40002828                IMU_CalcData
                0x40002884                HL_Status
                0x4000289c                uart_cnt
                0x400028a0                IMU_CalcData_tmp
 COMMON         0x400028fc        0x4 LPC2k_ee.o
                0x400028fc                iap_entry
 COMMON         0x40002900       0x1c uart1.o
                0x40002900                send_buffer
                0x40002910                current_chksum
                0x40002912                packets
                0x40002914                tx_buff
                0x40002918                UART1_rxptr
 COMMON         0x4000291c       0x50 i2c.o
                0x4000291c                I2CReadLength
                0x40002920                I2CSlaveBuffer
                0x40002940                I2CMode
                0x40002944                I2CMasterBuffer
                0x40002964                I2CCmd
                0x40002968                I2CWriteLength
 COMMON         0x4000296c       0x60 adc.o
                0x4000296c                ADC0Value
                0x4000298c                ADC1Value
                0x400029ac                adcChannelValues
 COMMON         0x400029cc      0x10c ssp.o
                0x400029cc                CurrentRxIndex
                0x400029d0                SPIWR_num_bytes
                0x400029d4                CurrentTxIndex
                0x400029d8                SPIWRData
                0x40002a58                SPIRDData
 COMMON         0x40002ad8       0x2c pelican_ptu.o
                0x40002ad8                CAMERA_Commands
                0x40002ae4                CAMERA_ptu
 COMMON         0x40002b04      0x21c ssdk/lib/libssdk.a(ert_main.o)
                0x40002b04                ssdk_params_tmp
                0x40002bd0                ssdk_uart_tmp
                0x40002be6                ssdk_uart
                0x40002bfc                ssdk_debug
                0x40002c52                matlab_switch_debug_packet
                0x40002c54                ssdk_params
 COMMON         0x40002d20      0x22c ssdk/lib/libssdk.a(onboard_matlab.o)
                0x40002d20                Debug_ch_14
                0x40002d22                Debug_ch_22
                0x40002d24                Debug_ch_01
                0x40002d26                Debug_ch_04
                0x40002d28                Debug_ch_33
                0x40002d2c                onboard_matlab_DWork
                0x40002dfc                Debug_ch_09
                0x40002dfe                Debug_ch_17
                0x40002e00                Debug_ch_21
                0x40002e02                Debug_ch_36
                0x40002e04                Debug_ch_11
                0x40002e06                Debug_ch_08
                0x40002e08                Debug_ch_25
                0x40002e0a                Debug_ch_35
                0x40002e0c                Debug_ch_19
                0x40002e10                onboard_matlab_M_
                0x40002e14                Debug_ch_06
                0x40002e16                Debug_ch_31
                0x40002e18                Debug_ch_18
                0x40002e1c                onboard_matlab_Y
                0x40002e2c                Debug_ch_37
                0x40002e2e                Debug_ch_24
                0x40002e30                Debug_ch_29
                0x40002e32                Debug_ch_34
                0x40002e34                Debug_ch_23
                0x40002e36                Debug_ch_13
                0x40002e38                Debug_ch_07
                0x40002e3a                Debug_ch_20
                0x40002e3c                Debug_ch_05
                0x40002e3e                Debug_ch_16
                0x40002e40                Debug_ch_28
                0x40002e42                Debug_ch_12
                0x40002e44                Debug_ch_32
                0x40002e46                Debug_ch_10
                0x40002e48                Debug_ch_26
                0x40002e4a                Debug_ch_03
                0x40002e4c                Debug_ch_39
                0x40002e4e                Debug_ch_27
                0x40002e50                Debug_ch_02
                0x40002e52                Debug_ch_38
                0x40002e54                Debug_ch_30
                0x40002e56                Debug_ch_15
                0x40002e58                onboard_matlab_U
                0x40002f1c                onboard_matlab_B
 COMMON         0x40002f4c      0x356 .//libublox.a(ublox.o)
                0x40002f4c                GPS_RawBuffer
                0x400030cc                urRecData
                0x400031cc                satInfo
                0x4000328c                urConfigCnt
                0x40003290                urCfgIdList
                0x40003294                gpsHardwareStatus
                0x400032a4                . = ALIGN (0x4)
 *fill*         0x400032a2        0x2 00
                0x400032a4                . = ALIGN (0x4)
                0x400032a4                __bss_end__ = .
                0x400032a4                PROVIDE (__bss_end, .)

.stack          0x40003300     0x2180
 *(.stack)
 .stack         0x40003300     0x2180 Common_WinARM/src/Startup.o
                0x40005480                PROVIDE (_stack, .)
                0x40005480                . = ALIGN (0x4)
                0x40005480                _end = .
                0x40005480                PROVIDE (end, .)

.stab
 *(.stab)

.stabstr
 *(.stabstr)

.stab.excl
 *(.stab.excl)

.stab.exclstr
 *(.stab.exclstr)

.stab.index
 *(.stab.index)

.stab.indexstr
 *(.stab.indexstr)

.comment        0x00000000       0x47
 *(.comment)
 .comment       0x00000000       0x11 LL_HL_comm.o
                                 0x12 (size before relaxing)
 .comment       0x00000000       0x12 mymath.o
 .comment       0x00000000       0x12 gpsmath.o
 .comment       0x00000000       0x12 sdk.o
 .comment       0x00000000       0x12 dekf.o
 .comment       0x00000000       0x12 uart.o
 .comment       0x00000000       0x12 d_ekf/d_ekf_src/ekf/autogen_ekf_propagation_initialize.o
 .comment       0x00000000       0x12 d_ekf/d_ekf_src/ekf/autogen_ekf_propagation_terminate.o
 .comment       0x00000000       0x12 d_ekf/d_ekf_src/ekf/autogen_ekf_propagation.o
 .comment       0x00000000       0x12 d_ekf/d_ekf_src/ekf/rt_nonfinite.o
 .comment       0x00000000       0x12 d_ekf/d_ekf_src/ekf/rt_pow32_snf.o
 .comment       0x00000000       0x12 d_ekf/d_ekf_src/ekf/rtGetInf.o
 .comment       0x00000000       0x12 d_ekf/d_ekf_src/ekf/rtGetNaN.o
 .comment       0x00000000       0x12 buzzer.o
 .comment       0x00000000       0x12 main.o
 .comment       0x00000000       0x12 hardware.o
 .comment       0x00000000       0x12 LPC2k_ee.o
 .comment       0x00000000       0x12 system.o
 .comment       0x00000000       0x12 uart1.o
 .comment       0x00000000       0x12 syscalls.o
 .comment       0x00000000       0x12 i2c.o
 .comment       0x00000000       0x12 Common_WinARM/src/irq.o
 .comment       0x00000000       0x12 Common_WinARM/src/interrupt_utils.o
 .comment       0x00000000       0x12 adc.o
 .comment       0x00000000       0x12 ssp.o
 .comment       0x00000000       0x12 pelican_ptu.o
 .comment       0x00000000       0x12 /usr/local/arm7/bin/../lib/gcc/arm-elf/4.1.1/../../../../arm-elf/lib/thumb/interwork/libc.a(memcpy.o)
 .comment       0x00000000       0x12 /usr/local/arm7/bin/../lib/gcc/arm-elf/4.1.1/thumb/interwork/libgcc.a(_divdi3.o)
 .comment       0x00000000       0x12 /usr/local/arm7/bin/../lib/gcc/arm-elf/4.1.1/thumb/interwork/libgcc.a(_clz.o)
 .comment       0x00000000       0x12 /usr/local/arm7/bin/../lib/gcc/arm-elf/4.1.1/../../../../arm-elf/lib/thumb/interwork/libm.a(s_cos.o)
 .comment       0x00000000       0x12 /usr/local/arm7/bin/../lib/gcc/arm-elf/4.1.1/../../../../arm-elf/lib/thumb/interwork/libm.a(s_floor.o)
 .comment       0x00000000       0x12 /usr/local/arm7/bin/../lib/gcc/arm-elf/4.1.1/../../../../arm-elf/lib/thumb/interwork/libm.a(w_fmod.o)
 .comment       0x00000000       0x12 /usr/local/arm7/bin/../lib/gcc/arm-elf/4.1.1/../../../../arm-elf/lib/thumb/interwork/libm.a(w_pow.o)
 .comment       0x00000000       0x12 /usr/local/arm7/bin/../lib/gcc/arm-elf/4.1.1/../../../../arm-elf/lib/thumb/interwork/libm.a(w_sqrt.o)
 .comment       0x00000000       0x12 /usr/local/arm7/bin/../lib/gcc/arm-elf/4.1.1/../../../../arm-elf/lib/thumb/interwork/libm.a(e_fmod.o)
 .comment       0x00000000       0x12 /usr/local/arm7/bin/../lib/gcc/arm-elf/4.1.1/../../../../arm-elf/lib/thumb/interwork/libm.a(e_pow.o)
 .comment       0x00000000       0x12 /usr/local/arm7/bin/../lib/gcc/arm-elf/4.1.1/../../../../arm-elf/lib/thumb/interwork/libm.a(e_rem_pio2.o)
 .comment       0x00000000       0x12 /usr/local/arm7/bin/../lib/gcc/arm-elf/4.1.1/../../../../arm-elf/lib/thumb/interwork/libm.a(e_sqrt.o)
 .comment       0x00000000       0x12 /usr/local/arm7/bin/../lib/gcc/arm-elf/4.1.1/../../../../arm-elf/lib/thumb/interwork/libm.a(k_cos.o)
 .comment       0x00000000       0x12 /usr/local/arm7/bin/../lib/gcc/arm-elf/4.1.1/../../../../arm-elf/lib/thumb/interwork/libm.a(k_rem_pio2.o)
 .comment       0x00000000       0x12 /usr/local/arm7/bin/../lib/gcc/arm-elf/4.1.1/../../../../arm-elf/lib/thumb/interwork/libm.a(k_sin.o)
 .comment       0x00000000       0x12 /usr/local/arm7/bin/../lib/gcc/arm-elf/4.1.1/../../../../arm-elf/lib/thumb/interwork/libm.a(s_fabs.o)
 .comment       0x00000000       0x12 /usr/local/arm7/bin/../lib/gcc/arm-elf/4.1.1/../../../../arm-elf/lib/thumb/interwork/libm.a(s_finite.o)
 .comment       0x00000000       0x12 /usr/local/arm7/bin/../lib/gcc/arm-elf/4.1.1/../../../../arm-elf/lib/thumb/interwork/libm.a(s_isnan.o)
 .comment       0x00000000       0x12 /usr/local/arm7/bin/../lib/gcc/arm-elf/4.1.1/../../../../arm-elf/lib/thumb/interwork/libm.a(s_lib_ver.o)
 .comment       0x00000000       0x12 /usr/local/arm7/bin/../lib/gcc/arm-elf/4.1.1/../../../../arm-elf/lib/thumb/interwork/libm.a(s_matherr.o)
 .comment       0x00000000       0x12 /usr/local/arm7/bin/../lib/gcc/arm-elf/4.1.1/../../../../arm-elf/lib/thumb/interwork/libm.a(s_rint.o)
 .comment       0x00000000       0x12 /usr/local/arm7/bin/../lib/gcc/arm-elf/4.1.1/../../../../arm-elf/lib/thumb/interwork/libm.a(s_scalbn.o)
 .comment       0x00000000       0x12 /usr/local/arm7/bin/../lib/gcc/arm-elf/4.1.1/../../../../arm-elf/lib/thumb/interwork/libm.a(s_copysign.o)
 .comment       0x00000000       0x12 ssdk/lib/libssdk.a(ert_main.o)
 .comment       0x00000000       0x12 ssdk/lib/libssdk.a(onboard_matlab.o)
 .comment       0x00000000       0x12 ssdk/lib/libssdk.a(onboard_matlab_data.o)
 .comment       0x00000011       0x1b .//libdeclination.a(declination.o)
 .comment       0x0000002c       0x1b .//libublox.a(ublox.o)
 .comment       0x00000000       0x12 /usr/local/arm7/bin/../lib/gcc/arm-elf/4.1.1/../../../../arm-elf/lib/thumb/interwork/libm.a(s_sin.o)
 .comment       0x00000000       0x12 /usr/local/arm7/bin/../lib/gcc/arm-elf/4.1.1/../../../../arm-elf/lib/thumb/interwork/libm.a(w_atan2.o)
 .comment       0x00000000       0x12 /usr/local/arm7/bin/../lib/gcc/arm-elf/4.1.1/../../../../arm-elf/lib/thumb/interwork/libm.a(e_atan2.o)
 .comment       0x00000000       0x12 /usr/local/arm7/bin/../lib/gcc/arm-elf/4.1.1/../../../../arm-elf/lib/thumb/interwork/libm.a(s_atan.o)
 .comment       0x00000000       0x12 /usr/local/arm7/bin/../lib/gcc/arm-elf/4.1.1/../../../../arm-elf/lib/thumb/interwork/libg.a(errno.o)
 .comment       0x00000000       0x12 /usr/local/arm7/bin/../lib/gcc/arm-elf/4.1.1/../../../../arm-elf/lib/thumb/interwork/libg.a(impure.o)

.ARM.attributes
                0x00000000       0x10
 .ARM.attributes
                0x00000000       0x10 Common_WinARM/src/Startup.o
 .ARM.attributes
                0x00000010       0x10 Common_WinARM/src/swi_handler.o
 .ARM.attributes
                0x00000020       0x10 LL_HL_comm.o
 .ARM.attributes
                0x00000030       0x10 mymath.o
 .ARM.attributes
                0x00000040       0x10 gpsmath.o
 .ARM.attributes
                0x00000050       0x10 sdk.o
 .ARM.attributes
                0x00000060       0x10 dekf.o
 .ARM.attributes
                0x00000070       0x10 uart.o
 .ARM.attributes
                0x00000080       0x10 d_ekf/d_ekf_src/ekf/autogen_ekf_propagation_initialize.o
 .ARM.attributes
                0x00000090       0x10 d_ekf/d_ekf_src/ekf/autogen_ekf_propagation_terminate.o
 .ARM.attributes
                0x000000a0       0x10 d_ekf/d_ekf_src/ekf/autogen_ekf_propagation.o
 .ARM.attributes
                0x000000b0       0x10 d_ekf/d_ekf_src/ekf/rt_nonfinite.o
 .ARM.attributes
                0x000000c0       0x10 d_ekf/d_ekf_src/ekf/rt_pow32_snf.o
 .ARM.attributes
                0x000000d0       0x10 d_ekf/d_ekf_src/ekf/rtGetInf.o
 .ARM.attributes
                0x000000e0       0x10 d_ekf/d_ekf_src/ekf/rtGetNaN.o
 .ARM.attributes
                0x000000f0       0x10 buzzer.o
 .ARM.attributes
                0x00000100       0x10 main.o
 .ARM.attributes
                0x00000110       0x10 hardware.o
 .ARM.attributes
                0x00000120       0x10 LPC2k_ee.o
 .ARM.attributes
                0x00000130       0x10 system.o
 .ARM.attributes
                0x00000140       0x10 uart1.o
 .ARM.attributes
                0x00000150       0x10 syscalls.o
 .ARM.attributes
                0x00000160       0x10 i2c.o
 .ARM.attributes
                0x00000170       0x10 Common_WinARM/src/irq.o
 .ARM.attributes
                0x00000180       0x10 Common_WinARM/src/interrupt_utils.o
 .ARM.attributes
                0x00000190       0x10 adc.o
 .ARM.attributes
                0x000001a0       0x10 ssp.o
 .ARM.attributes
                0x000001b0       0x10 pelican_ptu.o
 .ARM.attributes
                0x000001c0       0x10 /usr/local/arm7/bin/../lib/gcc/arm-elf/4.1.1/../../../../arm-elf/lib/thumb/interwork/libc.a(memcpy.o)
 .ARM.attributes
                0x000001d0       0x10 /usr/local/arm7/bin/../lib/gcc/arm-elf/4.1.1/thumb/interwork/libgcc.a(_udivsi3.o)
 .ARM.attributes
                0x000001e0       0x10 /usr/local/arm7/bin/../lib/gcc/arm-elf/4.1.1/thumb/interwork/libgcc.a(_umodsi3.o)
 .ARM.attributes
                0x000001f0       0x10 /usr/local/arm7/bin/../lib/gcc/arm-elf/4.1.1/thumb/interwork/libgcc.a(_dvmd_tls.o)
 .ARM.attributes
                0x00000200       0x10 /usr/local/arm7/bin/../lib/gcc/arm-elf/4.1.1/thumb/interwork/libgcc.a(_addsubdf3.o)
 .ARM.attributes
                0x00000210       0x10 /usr/local/arm7/bin/../lib/gcc/arm-elf/4.1.1/thumb/interwork/libgcc.a(_muldivdf3.o)
 .ARM.attributes
                0x00000220       0x10 /usr/local/arm7/bin/../lib/gcc/arm-elf/4.1.1/thumb/interwork/libgcc.a(_cmpdf2.o)
 .ARM.attributes
                0x00000230       0x10 /usr/local/arm7/bin/../lib/gcc/arm-elf/4.1.1/thumb/interwork/libgcc.a(_fixdfsi.o)
 .ARM.attributes
                0x00000240       0x10 /usr/local/arm7/bin/../lib/gcc/arm-elf/4.1.1/thumb/interwork/libgcc.a(_fixunsdfsi.o)
 .ARM.attributes
                0x00000250       0x10 /usr/local/arm7/bin/../lib/gcc/arm-elf/4.1.1/thumb/interwork/libgcc.a(_truncdfsf2.o)
 .ARM.attributes
                0x00000260       0x10 /usr/local/arm7/bin/../lib/gcc/arm-elf/4.1.1/thumb/interwork/libgcc.a(_addsubsf3.o)
 .ARM.attributes
                0x00000270       0x10 /usr/local/arm7/bin/../lib/gcc/arm-elf/4.1.1/thumb/interwork/libgcc.a(_muldivsf3.o)
 .ARM.attributes
                0x00000280       0x10 /usr/local/arm7/bin/../lib/gcc/arm-elf/4.1.1/thumb/interwork/libgcc.a(_cmpsf2.o)
 .ARM.attributes
                0x00000290       0x10 /usr/local/arm7/bin/../lib/gcc/arm-elf/4.1.1/thumb/interwork/libgcc.a(_fixsfsi.o)
 .ARM.attributes
                0x000002a0       0x10 /usr/local/arm7/bin/../lib/gcc/arm-elf/4.1.1/thumb/interwork/libgcc.a(_divdi3.o)
 .ARM.attributes
                0x000002b0       0x10 /usr/local/arm7/bin/../lib/gcc/arm-elf/4.1.1/thumb/interwork/libgcc.a(_clz.o)
 .ARM.attributes
                0x000002c0       0x10 /usr/local/arm7/bin/../lib/gcc/arm-elf/4.1.1/../../../../arm-elf/lib/thumb/interwork/libm.a(s_cos.o)
 .ARM.attributes
                0x000002d0       0x10 /usr/local/arm7/bin/../lib/gcc/arm-elf/4.1.1/../../../../arm-elf/lib/thumb/interwork/libm.a(s_floor.o)
 .ARM.attributes
                0x000002e0       0x10 /usr/local/arm7/bin/../lib/gcc/arm-elf/4.1.1/../../../../arm-elf/lib/thumb/interwork/libm.a(w_fmod.o)
 .ARM.attributes
                0x000002f0       0x10 /usr/local/arm7/bin/../lib/gcc/arm-elf/4.1.1/../../../../arm-elf/lib/thumb/interwork/libm.a(w_pow.o)
 .ARM.attributes
                0x00000300       0x10 /usr/local/arm7/bin/../lib/gcc/arm-elf/4.1.1/../../../../arm-elf/lib/thumb/interwork/libm.a(w_sqrt.o)
 .ARM.attributes
                0x00000310       0x10 /usr/local/arm7/bin/../lib/gcc/arm-elf/4.1.1/../../../../arm-elf/lib/thumb/interwork/libm.a(e_fmod.o)
 .ARM.attributes
                0x00000320       0x10 /usr/local/arm7/bin/../lib/gcc/arm-elf/4.1.1/../../../../arm-elf/lib/thumb/interwork/libm.a(e_pow.o)
 .ARM.attributes
                0x00000330       0x10 /usr/local/arm7/bin/../lib/gcc/arm-elf/4.1.1/../../../../arm-elf/lib/thumb/interwork/libm.a(e_rem_pio2.o)
 .ARM.attributes
                0x00000340       0x10 /usr/local/arm7/bin/../lib/gcc/arm-elf/4.1.1/../../../../arm-elf/lib/thumb/interwork/libm.a(e_sqrt.o)
 .ARM.attributes
                0x00000350       0x10 /usr/local/arm7/bin/../lib/gcc/arm-elf/4.1.1/../../../../arm-elf/lib/thumb/interwork/libm.a(k_cos.o)
 .ARM.attributes
                0x00000360       0x10 /usr/local/arm7/bin/../lib/gcc/arm-elf/4.1.1/../../../../arm-elf/lib/thumb/interwork/libm.a(k_rem_pio2.o)
 .ARM.attributes
                0x00000370       0x10 /usr/local/arm7/bin/../lib/gcc/arm-elf/4.1.1/../../../../arm-elf/lib/thumb/interwork/libm.a(k_sin.o)
 .ARM.attributes
                0x00000380       0x10 /usr/local/arm7/bin/../lib/gcc/arm-elf/4.1.1/../../../../arm-elf/lib/thumb/interwork/libm.a(s_fabs.o)
 .ARM.attributes
                0x00000390       0x10 /usr/local/arm7/bin/../lib/gcc/arm-elf/4.1.1/../../../../arm-elf/lib/thumb/interwork/libm.a(s_finite.o)
 .ARM.attributes
                0x000003a0       0x10 /usr/local/arm7/bin/../lib/gcc/arm-elf/4.1.1/../../../../arm-elf/lib/thumb/interwork/libm.a(s_isnan.o)
 .ARM.attributes
                0x000003b0       0x10 /usr/local/arm7/bin/../lib/gcc/arm-elf/4.1.1/../../../../arm-elf/lib/thumb/interwork/libm.a(s_lib_ver.o)
 .ARM.attributes
                0x000003c0       0x10 /usr/local/arm7/bin/../lib/gcc/arm-elf/4.1.1/../../../../arm-elf/lib/thumb/interwork/libm.a(s_matherr.o)
 .ARM.attributes
                0x000003d0       0x10 /usr/local/arm7/bin/../lib/gcc/arm-elf/4.1.1/../../../../arm-elf/lib/thumb/interwork/libm.a(s_rint.o)
 .ARM.attributes
                0x000003e0       0x10 /usr/local/arm7/bin/../lib/gcc/arm-elf/4.1.1/../../../../arm-elf/lib/thumb/interwork/libm.a(s_scalbn.o)
 .ARM.attributes
                0x000003f0       0x10 /usr/local/arm7/bin/../lib/gcc/arm-elf/4.1.1/../../../../arm-elf/lib/thumb/interwork/libm.a(s_copysign.o)
 .ARM.attributes
                0x00000400       0x10 ssdk/lib/libssdk.a(ert_main.o)
 .ARM.attributes
                0x00000410       0x10 ssdk/lib/libssdk.a(onboard_matlab.o)
 .ARM.attributes
                0x00000420       0x10 ssdk/lib/libssdk.a(onboard_matlab_data.o)
 .ARM.attributes
                0x00000430       0x10 /usr/local/arm7/bin/../lib/gcc/arm-elf/4.1.1/../../../../arm-elf/lib/thumb/interwork/libm.a(s_sin.o)
 .ARM.attributes
                0x00000440       0x10 /usr/local/arm7/bin/../lib/gcc/arm-elf/4.1.1/../../../../arm-elf/lib/thumb/interwork/libm.a(w_atan2.o)
 .ARM.attributes
                0x00000450       0x10 /usr/local/arm7/bin/../lib/gcc/arm-elf/4.1.1/../../../../arm-elf/lib/thumb/interwork/libm.a(e_atan2.o)
 .ARM.attributes
                0x00000460       0x10 /usr/local/arm7/bin/../lib/gcc/arm-elf/4.1.1/../../../../arm-elf/lib/thumb/interwork/libm.a(s_atan.o)
 .ARM.attributes
                0x00000470       0x10 /usr/local/arm7/bin/../lib/gcc/arm-elf/4.1.1/thumb/interwork/libgcc.a(_divsi3.o)
 .ARM.attributes
                0x00000480       0x10 /usr/local/arm7/bin/../lib/gcc/arm-elf/4.1.1/thumb/interwork/libgcc.a(_modsi3.o)
 .ARM.attributes
                0x00000490       0x10 /usr/local/arm7/bin/../lib/gcc/arm-elf/4.1.1/../../../../arm-elf/lib/thumb/interwork/libg.a(errno.o)
 .ARM.attributes
                0x000004a0       0x10 /usr/local/arm7/bin/../lib/gcc/arm-elf/4.1.1/../../../../arm-elf/lib/thumb/interwork/libg.a(impure.o)

.debug
 *(.debug)

.line
 *(.line)

.debug_srcinfo
 *(.debug_srcinfo)

.debug_sfnames
 *(.debug_sfnames)

.debug_aranges  0x00000000      0x710
 *(.debug_aranges)
 .debug_aranges
                0x00000000       0x28 Common_WinARM/src/Startup.o
 .debug_aranges
                0x00000028       0x28 Common_WinARM/src/swi_handler.o
 .debug_aranges
                0x00000050       0x20 LL_HL_comm.o
 .debug_aranges
                0x00000070       0x20 mymath.o
 .debug_aranges
                0x00000090       0x20 gpsmath.o
 .debug_aranges
                0x000000b0       0x20 sdk.o
 .debug_aranges
                0x000000d0       0x20 dekf.o
 .debug_aranges
                0x000000f0       0x20 uart.o
 .debug_aranges
                0x00000110       0x20 d_ekf/d_ekf_src/ekf/autogen_ekf_propagation_initialize.o
 .debug_aranges
                0x00000130       0x20 d_ekf/d_ekf_src/ekf/autogen_ekf_propagation_terminate.o
 .debug_aranges
                0x00000150       0x20 d_ekf/d_ekf_src/ekf/autogen_ekf_propagation.o
 .debug_aranges
                0x00000170       0x20 d_ekf/d_ekf_src/ekf/rt_nonfinite.o
 .debug_aranges
                0x00000190       0x20 d_ekf/d_ekf_src/ekf/rt_pow32_snf.o
 .debug_aranges
                0x000001b0       0x20 d_ekf/d_ekf_src/ekf/rtGetInf.o
 .debug_aranges
                0x000001d0       0x20 d_ekf/d_ekf_src/ekf/rtGetNaN.o
 .debug_aranges
                0x000001f0       0x20 buzzer.o
 .debug_aranges
                0x00000210       0x20 main.o
 .debug_aranges
                0x00000230       0x20 hardware.o
 .debug_aranges
                0x00000250       0x20 LPC2k_ee.o
 .debug_aranges
                0x00000270       0x20 system.o
 .debug_aranges
                0x00000290       0x20 uart1.o
 .debug_aranges
                0x000002b0       0x20 syscalls.o
 .debug_aranges
                0x000002d0       0x20 i2c.o
 .debug_aranges
                0x000002f0       0x20 Common_WinARM/src/irq.o
 .debug_aranges
                0x00000310       0x20 Common_WinARM/src/interrupt_utils.o
 .debug_aranges
                0x00000330       0x20 adc.o
 .debug_aranges
                0x00000350       0x20 ssp.o
 .debug_aranges
                0x00000370       0x20 pelican_ptu.o
 .debug_aranges
                0x00000390       0x20 /usr/local/arm7/bin/../lib/gcc/arm-elf/4.1.1/../../../../arm-elf/lib/thumb/interwork/libc.a(memcpy.o)
 .debug_aranges
                0x000003b0       0x20 /usr/local/arm7/bin/../lib/gcc/arm-elf/4.1.1/thumb/interwork/libgcc.a(_divdi3.o)
 .debug_aranges
                0x000003d0       0x20 /usr/local/arm7/bin/../lib/gcc/arm-elf/4.1.1/../../../../arm-elf/lib/thumb/interwork/libm.a(s_cos.o)
 .debug_aranges
                0x000003f0       0x20 /usr/local/arm7/bin/../lib/gcc/arm-elf/4.1.1/../../../../arm-elf/lib/thumb/interwork/libm.a(s_floor.o)
 .debug_aranges
                0x00000410       0x20 /usr/local/arm7/bin/../lib/gcc/arm-elf/4.1.1/../../../../arm-elf/lib/thumb/interwork/libm.a(w_fmod.o)
 .debug_aranges
                0x00000430       0x20 /usr/local/arm7/bin/../lib/gcc/arm-elf/4.1.1/../../../../arm-elf/lib/thumb/interwork/libm.a(w_pow.o)
 .debug_aranges
                0x00000450       0x20 /usr/local/arm7/bin/../lib/gcc/arm-elf/4.1.1/../../../../arm-elf/lib/thumb/interwork/libm.a(w_sqrt.o)
 .debug_aranges
                0x00000470       0x20 /usr/local/arm7/bin/../lib/gcc/arm-elf/4.1.1/../../../../arm-elf/lib/thumb/interwork/libm.a(e_fmod.o)
 .debug_aranges
                0x00000490       0x20 /usr/local/arm7/bin/../lib/gcc/arm-elf/4.1.1/../../../../arm-elf/lib/thumb/interwork/libm.a(e_pow.o)
 .debug_aranges
                0x000004b0       0x20 /usr/local/arm7/bin/../lib/gcc/arm-elf/4.1.1/../../../../arm-elf/lib/thumb/interwork/libm.a(e_rem_pio2.o)
 .debug_aranges
                0x000004d0       0x20 /usr/local/arm7/bin/../lib/gcc/arm-elf/4.1.1/../../../../arm-elf/lib/thumb/interwork/libm.a(e_sqrt.o)
 .debug_aranges
                0x000004f0       0x20 /usr/local/arm7/bin/../lib/gcc/arm-elf/4.1.1/../../../../arm-elf/lib/thumb/interwork/libm.a(k_cos.o)
 .debug_aranges
                0x00000510       0x20 /usr/local/arm7/bin/../lib/gcc/arm-elf/4.1.1/../../../../arm-elf/lib/thumb/interwork/libm.a(k_rem_pio2.o)
 .debug_aranges
                0x00000530       0x20 /usr/local/arm7/bin/../lib/gcc/arm-elf/4.1.1/../../../../arm-elf/lib/thumb/interwork/libm.a(k_sin.o)
 .debug_aranges
                0x00000550       0x20 /usr/local/arm7/bin/../lib/gcc/arm-elf/4.1.1/../../../../arm-elf/lib/thumb/interwork/libm.a(s_fabs.o)
 .debug_aranges
                0x00000570       0x20 /usr/local/arm7/bin/../lib/gcc/arm-elf/4.1.1/../../../../arm-elf/lib/thumb/interwork/libm.a(s_finite.o)
 .debug_aranges
                0x00000590       0x20 /usr/local/arm7/bin/../lib/gcc/arm-elf/4.1.1/../../../../arm-elf/lib/thumb/interwork/libm.a(s_isnan.o)
 .debug_aranges
                0x000005b0       0x20 /usr/local/arm7/bin/../lib/gcc/arm-elf/4.1.1/../../../../arm-elf/lib/thumb/interwork/libm.a(s_matherr.o)
 .debug_aranges
                0x000005d0       0x20 /usr/local/arm7/bin/../lib/gcc/arm-elf/4.1.1/../../../../arm-elf/lib/thumb/interwork/libm.a(s_rint.o)
 .debug_aranges
                0x000005f0       0x20 /usr/local/arm7/bin/../lib/gcc/arm-elf/4.1.1/../../../../arm-elf/lib/thumb/interwork/libm.a(s_scalbn.o)
 .debug_aranges
                0x00000610       0x20 /usr/local/arm7/bin/../lib/gcc/arm-elf/4.1.1/../../../../arm-elf/lib/thumb/interwork/libm.a(s_copysign.o)
 .debug_aranges
                0x00000630       0x20 ssdk/lib/libssdk.a(ert_main.o)
 .debug_aranges
                0x00000650       0x20 ssdk/lib/libssdk.a(onboard_matlab.o)
 .debug_aranges
                0x00000670       0x20 /usr/local/arm7/bin/../lib/gcc/arm-elf/4.1.1/../../../../arm-elf/lib/thumb/interwork/libm.a(s_sin.o)
 .debug_aranges
                0x00000690       0x20 /usr/local/arm7/bin/../lib/gcc/arm-elf/4.1.1/../../../../arm-elf/lib/thumb/interwork/libm.a(w_atan2.o)
 .debug_aranges
                0x000006b0       0x20 /usr/local/arm7/bin/../lib/gcc/arm-elf/4.1.1/../../../../arm-elf/lib/thumb/interwork/libm.a(e_atan2.o)
 .debug_aranges
                0x000006d0       0x20 /usr/local/arm7/bin/../lib/gcc/arm-elf/4.1.1/../../../../arm-elf/lib/thumb/interwork/libm.a(s_atan.o)
 .debug_aranges
                0x000006f0       0x20 /usr/local/arm7/bin/../lib/gcc/arm-elf/4.1.1/../../../../arm-elf/lib/thumb/interwork/libg.a(errno.o)

.debug_pubnames
                0x00000000     0x25ce
 *(.debug_pubnames)
 .debug_pubnames
                0x00000000      0x147 LL_HL_comm.o
 .debug_pubnames
                0x00000147       0x2c mymath.o
 .debug_pubnames
                0x00000173       0x54 gpsmath.o
 .debug_pubnames
                0x000001c7      0x3f7 sdk.o
 .debug_pubnames
                0x000005be      0x11d dekf.o
 .debug_pubnames
                0x000006db      0x30c uart.o
 .debug_pubnames
                0x000009e7       0x39 d_ekf/d_ekf_src/ekf/autogen_ekf_propagation_initialize.o
 .debug_pubnames
                0x00000a20       0x38 d_ekf/d_ekf_src/ekf/autogen_ekf_propagation_terminate.o
 .debug_pubnames
                0x00000a58       0x2e d_ekf/d_ekf_src/ekf/autogen_ekf_propagation.o
 .debug_pubnames
                0x00000a86       0xa2 d_ekf/d_ekf_src/ekf/rt_nonfinite.o
 .debug_pubnames
                0x00000b28       0x23 d_ekf/d_ekf_src/ekf/rt_pow32_snf.o
 .debug_pubnames
                0x00000b4b       0x52 d_ekf/d_ekf_src/ekf/rtGetInf.o
 .debug_pubnames
                0x00000b9d       0x2d d_ekf/d_ekf_src/ekf/rtGetNaN.o
 .debug_pubnames
                0x00000bca       0x57 buzzer.o
 .debug_pubnames
                0x00000c21      0x12e main.o
 .debug_pubnames
                0x00000d4f       0x41 hardware.o
 .debug_pubnames
                0x00000d90       0x6e LPC2k_ee.o
 .debug_pubnames
                0x00000dfe      0x11c system.o
 .debug_pubnames
                0x00000f1a      0x219 uart1.o
 .debug_pubnames
                0x00001133       0x69 syscalls.o
 .debug_pubnames
                0x0000119c      0x120 i2c.o
 .debug_pubnames
                0x000012bc       0x41 Common_WinARM/src/irq.o
 .debug_pubnames
                0x000012fd       0x6a Common_WinARM/src/interrupt_utils.o
 .debug_pubnames
                0x00001367       0xbc adc.o
 .debug_pubnames
                0x00001423      0x113 ssp.o
 .debug_pubnames
                0x00001536       0xa1 pelican_ptu.o
 .debug_pubnames
                0x000015d7       0x1d /usr/local/arm7/bin/../lib/gcc/arm-elf/4.1.1/../../../../arm-elf/lib/thumb/interwork/libc.a(memcpy.o)
 .debug_pubnames
                0x000015f4       0x1f /usr/local/arm7/bin/../lib/gcc/arm-elf/4.1.1/thumb/interwork/libgcc.a(_divdi3.o)
 .debug_pubnames
                0x00001613       0x20 /usr/local/arm7/bin/../lib/gcc/arm-elf/4.1.1/thumb/interwork/libgcc.a(_clz.o)
 .debug_pubnames
                0x00001633       0x1a /usr/local/arm7/bin/../lib/gcc/arm-elf/4.1.1/../../../../arm-elf/lib/thumb/interwork/libm.a(s_cos.o)
 .debug_pubnames
                0x0000164d       0x1c /usr/local/arm7/bin/../lib/gcc/arm-elf/4.1.1/../../../../arm-elf/lib/thumb/interwork/libm.a(s_floor.o)
 .debug_pubnames
                0x00001669       0x1b /usr/local/arm7/bin/../lib/gcc/arm-elf/4.1.1/../../../../arm-elf/lib/thumb/interwork/libm.a(w_fmod.o)
 .debug_pubnames
                0x00001684       0x1a /usr/local/arm7/bin/../lib/gcc/arm-elf/4.1.1/../../../../arm-elf/lib/thumb/interwork/libm.a(w_pow.o)
 .debug_pubnames
                0x0000169e       0x1b /usr/local/arm7/bin/../lib/gcc/arm-elf/4.1.1/../../../../arm-elf/lib/thumb/interwork/libm.a(w_sqrt.o)
 .debug_pubnames
                0x000016b9       0x25 /usr/local/arm7/bin/../lib/gcc/arm-elf/4.1.1/../../../../arm-elf/lib/thumb/interwork/libm.a(e_fmod.o)
 .debug_pubnames
                0x000016de       0x24 /usr/local/arm7/bin/../lib/gcc/arm-elf/4.1.1/../../../../arm-elf/lib/thumb/interwork/libm.a(e_pow.o)
 .debug_pubnames
                0x00001702       0x29 /usr/local/arm7/bin/../lib/gcc/arm-elf/4.1.1/../../../../arm-elf/lib/thumb/interwork/libm.a(e_rem_pio2.o)
 .debug_pubnames
                0x0000172b       0x25 /usr/local/arm7/bin/../lib/gcc/arm-elf/4.1.1/../../../../arm-elf/lib/thumb/interwork/libm.a(e_sqrt.o)
 .debug_pubnames
                0x00001750       0x23 /usr/local/arm7/bin/../lib/gcc/arm-elf/4.1.1/../../../../arm-elf/lib/thumb/interwork/libm.a(k_cos.o)
 .debug_pubnames
                0x00001773       0x28 /usr/local/arm7/bin/../lib/gcc/arm-elf/4.1.1/../../../../arm-elf/lib/thumb/interwork/libm.a(k_rem_pio2.o)
 .debug_pubnames
                0x0000179b       0x23 /usr/local/arm7/bin/../lib/gcc/arm-elf/4.1.1/../../../../arm-elf/lib/thumb/interwork/libm.a(k_sin.o)
 .debug_pubnames
                0x000017be       0x1b /usr/local/arm7/bin/../lib/gcc/arm-elf/4.1.1/../../../../arm-elf/lib/thumb/interwork/libm.a(s_fabs.o)
 .debug_pubnames
                0x000017d9       0x1d /usr/local/arm7/bin/../lib/gcc/arm-elf/4.1.1/../../../../arm-elf/lib/thumb/interwork/libm.a(s_finite.o)
 .debug_pubnames
                0x000017f6       0x1c /usr/local/arm7/bin/../lib/gcc/arm-elf/4.1.1/../../../../arm-elf/lib/thumb/interwork/libm.a(s_isnan.o)
 .debug_pubnames
                0x00001812       0x26 /usr/local/arm7/bin/../lib/gcc/arm-elf/4.1.1/../../../../arm-elf/lib/thumb/interwork/libm.a(s_lib_ver.o)
 .debug_pubnames
                0x00001838       0x1e /usr/local/arm7/bin/../lib/gcc/arm-elf/4.1.1/../../../../arm-elf/lib/thumb/interwork/libm.a(s_matherr.o)
 .debug_pubnames
                0x00001856       0x1b /usr/local/arm7/bin/../lib/gcc/arm-elf/4.1.1/../../../../arm-elf/lib/thumb/interwork/libm.a(s_rint.o)
 .debug_pubnames
                0x00001871       0x1d /usr/local/arm7/bin/../lib/gcc/arm-elf/4.1.1/../../../../arm-elf/lib/thumb/interwork/libm.a(s_scalbn.o)
 .debug_pubnames
                0x0000188e       0x1f /usr/local/arm7/bin/../lib/gcc/arm-elf/4.1.1/../../../../arm-elf/lib/thumb/interwork/libm.a(s_copysign.o)
 .debug_pubnames
                0x000018ad      0x4ec ssdk/lib/libssdk.a(ert_main.o)
 .debug_pubnames
                0x00001d99      0x73b ssdk/lib/libssdk.a(onboard_matlab.o)
 .debug_pubnames
                0x000024d4       0x2c ssdk/lib/libssdk.a(onboard_matlab_data.o)
 .debug_pubnames
                0x00002500       0x1a /usr/local/arm7/bin/../lib/gcc/arm-elf/4.1.1/../../../../arm-elf/lib/thumb/interwork/libm.a(s_sin.o)
 .debug_pubnames
                0x0000251a       0x1c /usr/local/arm7/bin/../lib/gcc/arm-elf/4.1.1/../../../../arm-elf/lib/thumb/interwork/libm.a(w_atan2.o)
 .debug_pubnames
                0x00002536       0x26 /usr/local/arm7/bin/../lib/gcc/arm-elf/4.1.1/../../../../arm-elf/lib/thumb/interwork/libm.a(e_atan2.o)
 .debug_pubnames
                0x0000255c       0x1b /usr/local/arm7/bin/../lib/gcc/arm-elf/4.1.1/../../../../arm-elf/lib/thumb/interwork/libm.a(s_atan.o)
 .debug_pubnames
                0x00002577       0x1e /usr/local/arm7/bin/../lib/gcc/arm-elf/4.1.1/../../../../arm-elf/lib/thumb/interwork/libg.a(errno.o)
 .debug_pubnames
                0x00002595       0x39 /usr/local/arm7/bin/../lib/gcc/arm-elf/4.1.1/../../../../arm-elf/lib/thumb/interwork/libg.a(impure.o)

.debug_info     0x00000000    0x1dcc1
 *(.debug_info .gnu.linkonce.wi.*)
 .debug_info    0x00000000       0x81 Common_WinARM/src/Startup.o
 .debug_info    0x00000081       0x85 Common_WinARM/src/swi_handler.o
 .debug_info    0x00000106     0x140b LL_HL_comm.o
 .debug_info    0x00001511      0x2b0 mymath.o
 .debug_info    0x000017c1      0x2e5 gpsmath.o
 .debug_info    0x00001aa6     0x2778 sdk.o
 .debug_info    0x0000421e     0x115a dekf.o
 .debug_info    0x00005378     0x1167 uart.o
 .debug_info    0x000064df      0x19f d_ekf/d_ekf_src/ekf/autogen_ekf_propagation_initialize.o
 .debug_info    0x0000667e      0x19b d_ekf/d_ekf_src/ekf/autogen_ekf_propagation_terminate.o
 .debug_info    0x00006819      0x313 d_ekf/d_ekf_src/ekf/autogen_ekf_propagation.o
 .debug_info    0x00006b2c      0x2e5 d_ekf/d_ekf_src/ekf/rt_nonfinite.o
 .debug_info    0x00006e11      0x1eb d_ekf/d_ekf_src/ekf/rt_pow32_snf.o
 .debug_info    0x00006ffc      0x4c9 d_ekf/d_ekf_src/ekf/rtGetInf.o
 .debug_info    0x000074c5      0x3f3 d_ekf/d_ekf_src/ekf/rtGetNaN.o
 .debug_info    0x000078b8      0x5ff buzzer.o
 .debug_info    0x00007eb7      0xc00 main.o
 .debug_info    0x00008ab7      0x19e hardware.o
 .debug_info    0x00008c55      0x393 LPC2k_ee.o
 .debug_info    0x00008fe8      0x367 system.o
 .debug_info    0x0000934f      0x612 uart1.o
 .debug_info    0x00009961     0x1028 syscalls.o
 .debug_info    0x0000a989      0x311 i2c.o
 .debug_info    0x0000ac9a      0x1d3 Common_WinARM/src/irq.o
 .debug_info    0x0000ae6d      0x265 Common_WinARM/src/interrupt_utils.o
 .debug_info    0x0000b0d2      0x302 adc.o
 .debug_info    0x0000b3d4      0x341 ssp.o
 .debug_info    0x0000b715      0x5f3 pelican_ptu.o